Archive member included to satisfy reference by file (symbol)

c:/program files (x86)/atmel/studio/7.0/toolchain/arm/arm-gnu-toolchain/bin/../lib/gcc/arm-none-eabi/6.2.1/thumb/v6-m\libgcc.a(_udivsi3.o)
                              src/ASF/sam0/drivers/nvm/nvm.o (__aeabi_uidiv)
c:/program files (x86)/atmel/studio/7.0/toolchain/arm/arm-gnu-toolchain/bin/../lib/gcc/arm-none-eabi/6.2.1/thumb/v6-m\libgcc.a(_dvmd_tls.o)
                              c:/program files (x86)/atmel/studio/7.0/toolchain/arm/arm-gnu-toolchain/bin/../lib/gcc/arm-none-eabi/6.2.1/thumb/v6-m\libgcc.a(_udivsi3.o) (__aeabi_idiv0)
c:/program files (x86)/atmel/studio/7.0/toolchain/arm/arm-gnu-toolchain/bin/../lib/gcc/arm-none-eabi/6.2.1/thumb/v6-m\libgcc.a(_muldi3.o)
                              src/ASF/sam0/drivers/sercom/sercom.o (__aeabi_lmul)
c:/program files (x86)/atmel/studio/7.0/toolchain/arm/arm-gnu-toolchain/bin/../lib/gcc/arm-none-eabi/6.2.1/../../../../arm-none-eabi/lib/thumb/v6-m\libc_nano.a(lib_a-exit.o)
                              c:/program files (x86)/atmel/studio/7.0/toolchain/arm/arm-gnu-toolchain/bin/../lib/gcc/arm-none-eabi/6.2.1/../../../../arm-none-eabi/lib/thumb/v6-m/crt0.o (exit)
c:/program files (x86)/atmel/studio/7.0/toolchain/arm/arm-gnu-toolchain/bin/../lib/gcc/arm-none-eabi/6.2.1/../../../../arm-none-eabi/lib/thumb/v6-m\libc_nano.a(lib_a-impure.o)
                              c:/program files (x86)/atmel/studio/7.0/toolchain/arm/arm-gnu-toolchain/bin/../lib/gcc/arm-none-eabi/6.2.1/../../../../arm-none-eabi/lib/thumb/v6-m\libc_nano.a(lib_a-exit.o) (_global_impure_ptr)
c:/program files (x86)/atmel/studio/7.0/toolchain/arm/arm-gnu-toolchain/bin/../lib/gcc/arm-none-eabi/6.2.1/../../../../arm-none-eabi/lib/thumb/v6-m\libc_nano.a(lib_a-init.o)
                              c:/program files (x86)/atmel/studio/7.0/toolchain/arm/arm-gnu-toolchain/bin/../lib/gcc/arm-none-eabi/6.2.1/../../../../arm-none-eabi/lib/thumb/v6-m/crt0.o (__libc_init_array)
c:/program files (x86)/atmel/studio/7.0/toolchain/arm/arm-gnu-toolchain/bin/../lib/gcc/arm-none-eabi/6.2.1/../../../../arm-none-eabi/lib/thumb/v6-m\libc_nano.a(lib_a-memcpy-stub.o)
                              src/ASF/sam0/drivers/can/can.o (memcpy)
c:/program files (x86)/atmel/studio/7.0/toolchain/arm/arm-gnu-toolchain/bin/../lib/gcc/arm-none-eabi/6.2.1/../../../../arm-none-eabi/lib/thumb/v6-m\libc_nano.a(lib_a-memset.o)
                              c:/program files (x86)/atmel/studio/7.0/toolchain/arm/arm-gnu-toolchain/bin/../lib/gcc/arm-none-eabi/6.2.1/../../../../arm-none-eabi/lib/thumb/v6-m/crt0.o (memset)
c:/program files (x86)/atmel/studio/7.0/toolchain/arm/arm-gnu-toolchain/bin/../lib/gcc/arm-none-eabi/6.2.1/../../../../arm-none-eabi/lib/thumb/v6-m\libc_nano.a(lib_a-printf.o)
                              src/main.o (printf)
c:/program files (x86)/atmel/studio/7.0/toolchain/arm/arm-gnu-toolchain/bin/../lib/gcc/arm-none-eabi/6.2.1/../../../../arm-none-eabi/lib/thumb/v6-m\libc_nano.a(lib_a-puts.o)
                              src/main.o (puts)
c:/program files (x86)/atmel/studio/7.0/toolchain/arm/arm-gnu-toolchain/bin/../lib/gcc/arm-none-eabi/6.2.1/../../../../arm-none-eabi/lib/thumb/v6-m\libc_nano.a(lib_a-setbuf.o)
                              src/main.o (setbuf)
c:/program files (x86)/atmel/studio/7.0/toolchain/arm/arm-gnu-toolchain/bin/../lib/gcc/arm-none-eabi/6.2.1/../../../../arm-none-eabi/lib/thumb/v6-m\libc_nano.a(lib_a-setvbuf.o)
                              c:/program files (x86)/atmel/studio/7.0/toolchain/arm/arm-gnu-toolchain/bin/../lib/gcc/arm-none-eabi/6.2.1/../../../../arm-none-eabi/lib/thumb/v6-m\libc_nano.a(lib_a-setbuf.o) (setvbuf)
c:/program files (x86)/atmel/studio/7.0/toolchain/arm/arm-gnu-toolchain/bin/../lib/gcc/arm-none-eabi/6.2.1/../../../../arm-none-eabi/lib/thumb/v6-m\libc_nano.a(lib_a-wbuf.o)
                              c:/program files (x86)/atmel/studio/7.0/toolchain/arm/arm-gnu-toolchain/bin/../lib/gcc/arm-none-eabi/6.2.1/../../../../arm-none-eabi/lib/thumb/v6-m\libc_nano.a(lib_a-puts.o) (__swbuf_r)
c:/program files (x86)/atmel/studio/7.0/toolchain/arm/arm-gnu-toolchain/bin/../lib/gcc/arm-none-eabi/6.2.1/../../../../arm-none-eabi/lib/thumb/v6-m\libc_nano.a(lib_a-wsetup.o)
                              c:/program files (x86)/atmel/studio/7.0/toolchain/arm/arm-gnu-toolchain/bin/../lib/gcc/arm-none-eabi/6.2.1/../../../../arm-none-eabi/lib/thumb/v6-m\libc_nano.a(lib_a-puts.o) (__swsetup_r)
c:/program files (x86)/atmel/studio/7.0/toolchain/arm/arm-gnu-toolchain/bin/../lib/gcc/arm-none-eabi/6.2.1/../../../../arm-none-eabi/lib/thumb/v6-m\libc_nano.a(lib_a-fflush.o)
                              c:/program files (x86)/atmel/studio/7.0/toolchain/arm/arm-gnu-toolchain/bin/../lib/gcc/arm-none-eabi/6.2.1/../../../../arm-none-eabi/lib/thumb/v6-m\libc_nano.a(lib_a-setvbuf.o) (_fflush_r)
[...]
Memory Configuration

Name             Origin             Length             Attributes
rom              0x00000000         0x00040000         xr
ram              0x20000000         0x00008000         xrw
*default*        0x00000000         0xffffffff

Linker script and memory map

LOAD c:/program files (x86)/atmel/studio/7.0/toolchain/arm/arm-gnu-toolchain/bin/../lib/gcc/arm-none-eabi/6.2.1/thumb/v6-m/crti.o
LOAD c:/program files (x86)/atmel/studio/7.0/toolchain/arm/arm-gnu-toolchain/bin/../lib/gcc/arm-none-eabi/6.2.1/thumb/v6-m/crtbegin.o
LOAD c:/program files (x86)/atmel/studio/7.0/toolchain/arm/arm-gnu-toolchain/bin/../lib/gcc/arm-none-eabi/6.2.1/../../../../arm-none-eabi/lib/thumb/v6-m/crt0.o
LOAD src/ASF/sam0/drivers/adc/adc_sam_l_c/adc.o
LOAD src/ASF/sam0/drivers/adc/adc_sam_l_c/adc_callback.o
LOAD src/ASF/sam0/drivers/dac/dac_sam_d_c/dac.o
LOAD src/ASF/sam0/drivers/rtc/rtc_sam_l_c/rtc_calendar.o
LOAD src/ASF/sam0/drivers/rtc/rtc_sam_l_c/rtc_calendar_interrupt.o
LOAD src/ASF/sam0/drivers/tsens/tsens.o
LOAD src/ASF/sam0/drivers/tsens/tsens_callback.o
LOAD src/ASF/sam0/drivers/tcc/tcc.o
LOAD src/ASF/sam0/drivers/tcc/tcc_callback.o
LOAD src/ASF/sam0/drivers/events/events_hooks.o
LOAD src/ASF/sam0/drivers/events/events_sam_l_c/events.o
LOAD src/ASF/sam0/drivers/nvm/nvm.o
LOAD src/ASF/common/utils/interrupt/interrupt_sam_nvic.o
LOAD src/ASF/sam0/boards/samc21_xplained_pro/board_init.o
LOAD src/ASF/sam0/drivers/can/can.o
LOAD src/ASF/sam0/drivers/port/port.o
LOAD src/ASF/sam0/drivers/sercom/sercom.o
LOAD src/ASF/sam0/drivers/sercom/sercom_interrupt.o
LOAD src/ASF/sam0/drivers/sercom/usart/usart.o
LOAD src/ASF/sam0/drivers/sercom/usart/usart_interrupt.o
LOAD src/ASF/sam0/drivers/system/clock/clock_samc20_c21/clock.o
LOAD src/ASF/sam0/drivers/system/clock/clock_samc20_c21/gclk.o
LOAD src/ASF/sam0/drivers/system/interrupt/system_interrupt.o
LOAD src/ASF/sam0/drivers/system/pinmux/pinmux.o
LOAD src/ASF/sam0/drivers/system/system.o
LOAD src/ASF/sam0/utils/cmsis/samc21/source/gcc/startup_samc21.o
LOAD src/ASF/sam0/utils/cmsis/samc21/source/system_samc21.o
LOAD src/ASF/sam0/utils/stdio/read.o
LOAD src/ASF/sam0/utils/stdio/write.o
LOAD src/ASF/sam0/utils/syscalls/gcc/syscalls.o
LOAD src/main.o
START GROUP
LOAD ../src/ASF/thirdparty/CMSIS/Lib/GCC\libarm_cortexM0l_math.a
LOAD c:/program files (x86)/atmel/studio/7.0/toolchain/arm/arm-gnu-toolchain/bin/../lib/gcc/arm-none-eabi/6.2.1/../../../../arm-none-eabi/lib/thumb/v6-m\libm.a
END GROUP
START GROUP
LOAD c:/program files (x86)/atmel/studio/7.0/toolchain/arm/arm-gnu-toolchain/bin/../lib/gcc/arm-none-eabi/6.2.1/thumb/v6-m\libgcc.a
LOAD c:/program files (x86)/atmel/studio/7.0/toolchain/arm/arm-gnu-toolchain/bin/../lib/gcc/arm-none-eabi/6.2.1/../../../../arm-none-eabi/lib/thumb/v6-m\libc_nano.a
END GROUP
START GROUP
LOAD c:/program files (x86)/atmel/studio/7.0/toolchain/arm/arm-gnu-toolchain/bin/../lib/gcc/arm-none-eabi/6.2.1/thumb/v6-m\libgcc.a
LOAD c:/program files (x86)/atmel/studio/7.0/toolchain/arm/arm-gnu-toolchain/bin/../lib/gcc/arm-none-eabi/6.2.1/../../../../arm-none-eabi/lib/thumb/v6-m\libc_nano.a
END GROUP
LOAD c:/program files (x86)/atmel/studio/7.0/toolchain/arm/arm-gnu-toolchain/bin/../lib/gcc/arm-none-eabi/6.2.1/thumb/v6-m/crtend.o
LOAD c:/program files (x86)/atmel/studio/7.0/toolchain/arm/arm-gnu-toolchain/bin/../lib/gcc/arm-none-eabi/6.2.1/thumb/v6-m/crtn.o
                0x00002000                STACK_SIZE = DEFINED (STACK_SIZE)?STACK_SIZE:DEFINED (__stack_size__)?__stack_size__:0x2000

.text           0x00000000     0x2f8c
                0x00000000                . = ALIGN (0x4)
                0x00000000                _sfixed = .
 *(.vectors .vectors.*)
 .vectors       0x00000000       0xbc src/ASF/sam0/utils/cmsis/samc21/source/gcc/startup_samc21.o
                0x00000000                exception_table
 *(.text .text.* .gnu.linkonce.t.*)
 .text          0x000000bc       0x60 c:/program files (x86)/atmel/studio/7.0/toolchain/arm/arm-gnu-toolchain/bin/../lib/gcc/arm-none-eabi/6.2.1/thumb/v6-m/crtbegin.o
 .text._adc_interrupt_handler
                0x0000011c       0xc4 src/ASF/sam0/drivers/adc/adc_sam_l_c/adc_callback.o
 .text.ADC0_Handler
                0x000001e0       0x10 src/ASF/sam0/drivers/adc/adc_sam_l_c/adc_callback.o
                0x000001e0                ADC0_Handler
 .text.ADC1_Handler
                0x000001f0       0x10 src/ASF/sam0/drivers/adc/adc_sam_l_c/adc_callback.o
                0x000001f0                ADC1_Handler
 .text.RTC_Handler
                0x00000200       0xa8 src/ASF/sam0/drivers/rtc/rtc_sam_l_c/rtc_calendar_interrupt.o
                0x00000200                RTC_Handler
 .text.TSENS_Handler
                0x000002a8       0x60 src/ASF/sam0/drivers/tsens/tsens_callback.o
                0x000002a8                TSENS_Handler
 .text._tcc_interrupt_handler
                0x00000308       0x4c src/ASF/sam0/drivers/tcc/tcc_callback.o
                0x00000308                _tcc_interrupt_handler
 .text.TCC0_Handler
                0x00000354       0x10 src/ASF/sam0/drivers/tcc/tcc_callback.o
                0x00000354                TCC0_Handler
 .text.TCC1_Handler
                0x00000364       0x10 src/ASF/sam0/drivers/tcc/tcc_callback.o
                0x00000364                TCC1_Handler
 .text.TCC2_Handler
                0x00000374       0x10 src/ASF/sam0/drivers/tcc/tcc_callback.o
                0x00000374                TCC2_Handler
 .text.EVSYS_Handler
                0x00000384       0x3c src/ASF/sam0/drivers/events/events_hooks.o
                0x00000384                EVSYS_Handler
 .text._system_events_init
                0x000003c0       0x20 src/ASF/sam0/drivers/events/events_sam_l_c/events.o
                0x000003c0                _system_events_init
 .text.cpu_irq_enter_critical
                0x000003e0       0x40 src/ASF/common/utils/interrupt/interrupt_sam_nvic.o
                0x000003e0                cpu_irq_enter_critical
 .text.cpu_irq_leave_critical
                0x00000420       0x30 src/ASF/common/utils/interrupt/interrupt_sam_nvic.o
                0x00000420                cpu_irq_leave_critical
 .text.system_board_init
                0x00000450       0x34 src/ASF/sam0/boards/samc21_xplained_pro/board_init.o
                0x00000450                board_init
                0x00000450                system_board_init
 .text.port_pin_set_config
                0x00000484       0x24 src/ASF/sam0/drivers/port/port.o
                0x00000484                port_pin_set_config
 .text._sercom_get_sync_baud_val
                0x000004a8       0x28 src/ASF/sam0/drivers/sercom/sercom.o
                0x000004a8                _sercom_get_sync_baud_val
 .text._sercom_get_async_baud_val
                0x000004d0      0x1d0 src/ASF/sam0/drivers/sercom/sercom.o
                0x000004d0                _sercom_get_async_baud_val
 .text.sercom_set_gclk_generator
                0x000006a0       0x4c src/ASF/sam0/drivers/sercom/sercom.o
                0x000006a0                sercom_set_gclk_generator
 .text._sercom_get_default_pad
                0x000006ec      0x17c src/ASF/sam0/drivers/sercom/sercom.o
                0x000006ec                _sercom_get_default_pad
 .text._sercom_get_sercom_inst_index
                0x00000868       0x38 src/ASF/sam0/drivers/sercom/sercom.o
                0x00000868                _sercom_get_sercom_inst_index
 .text._sercom_default_handler
                0x000008a0        0x2 src/ASF/sam0/drivers/sercom/sercom_interrupt.o
 *fill*         0x000008a2        0x2 
 .text._sercom_set_handler
                0x000008a4       0x3c src/ASF/sam0/drivers/sercom/sercom_interrupt.o
                0x000008a4                _sercom_set_handler
 .text._sercom_get_interrupt_vector
                0x000008e0       0x30 src/ASF/sam0/drivers/sercom/sercom_interrupt.o
                0x000008e0                _sercom_get_interrupt_vector
 .text.SERCOM0_Handler
                0x00000910       0x10 src/ASF/sam0/drivers/sercom/sercom_interrupt.o
                0x00000910                SERCOM0_Handler
 .text.SERCOM1_Handler
                0x00000920       0x10 src/ASF/sam0/drivers/sercom/sercom_interrupt.o
                0x00000920                SERCOM1_Handler
 .text.SERCOM2_Handler
                0x00000930       0x10 src/ASF/sam0/drivers/sercom/sercom_interrupt.o
                0x00000930                SERCOM2_Handler
 .text.SERCOM3_Handler
                0x00000940       0x10 src/ASF/sam0/drivers/sercom/sercom_interrupt.o
                0x00000940                SERCOM3_Handler
 .text.SERCOM4_Handler
                0x00000950       0x10 src/ASF/sam0/drivers/sercom/sercom_interrupt.o
                0x00000950                SERCOM4_Handler
 .text.SERCOM5_Handler
                0x00000960       0x10 src/ASF/sam0/drivers/sercom/sercom_interrupt.o
                0x00000960                SERCOM5_Handler
 .text.usart_init
                0x00000970      0x3a8 src/ASF/sam0/drivers/sercom/usart/usart.o
                0x00000970                usart_init
 .text.usart_write_wait
                0x00000d18       0x2c src/ASF/sam0/drivers/sercom/usart/usart.o
                0x00000d18                usart_write_wait
 .text.usart_read_wait
                0x00000d44       0x70 src/ASF/sam0/drivers/sercom/usart/usart.o
                0x00000d44                usart_read_wait
 .text._usart_read_buffer
                0x00000db4       0x50 src/ASF/sam0/drivers/sercom/usart/usart_interrupt.o
                0x00000db4                _usart_read_buffer
 .text.usart_register_callback
                0x00000e04       0x18 src/ASF/sam0/drivers/sercom/usart/usart_interrupt.o
                0x00000e04                usart_register_callback
 .text.usart_read_buffer_job
                0x00000e1c       0x20 src/ASF/sam0/drivers/sercom/usart/usart_interrupt.o
                0x00000e1c                usart_read_buffer_job
 .text._usart_interrupt_handler
                0x00000e3c      0x19c src/ASF/sam0/drivers/sercom/usart/usart_interrupt.o
                0x00000e3c                _usart_interrupt_handler
 .text.system_clock_source_get_hz
                0x00000fd8       0x5c src/ASF/sam0/drivers/system/clock/clock_samc20_c21/clock.o
                0x00000fd8                system_clock_source_get_hz
 .text.system_clock_source_xosc32k_set_config
                0x00001034       0xb4 src/ASF/sam0/drivers/system/clock/clock_samc20_c21/clock.o
                0x00001034                system_clock_source_xosc32k_set_config
 .text.system_clock_source_dpll_set_config
                0x000010e8       0xc8 src/ASF/sam0/drivers/system/clock/clock_samc20_c21/clock.o
                0x000010e8                system_clock_source_dpll_set_config
 .text.system_clock_source_enable
                0x000011b0       0x74 src/ASF/sam0/drivers/system/clock/clock_samc20_c21/clock.o
                0x000011b0                system_clock_source_enable
 .text.system_clock_init
                0x00001224      0x13c src/ASF/sam0/drivers/system/clock/clock_samc20_c21/clock.o
                0x00001224                system_clock_init
 .text.system_gclk_init
                0x00001360       0x24 src/ASF/sam0/drivers/system/clock/clock_samc20_c21/gclk.o
                0x00001360                system_gclk_init
 .text.system_gclk_gen_set_config
                0x00001384       0xac src/ASF/sam0/drivers/system/clock/clock_samc20_c21/gclk.o
                0x00001384                system_gclk_gen_set_config
 .text.system_gclk_gen_enable
                0x00001430       0x40 src/ASF/sam0/drivers/system/clock/clock_samc20_c21/gclk.o
                0x00001430                system_gclk_gen_enable
 .text.system_gclk_gen_get_hz
                0x00001470       0x6c src/ASF/sam0/drivers/system/clock/clock_samc20_c21/gclk.o
                0x00001470                system_gclk_gen_get_hz
 .text.system_gclk_chan_enable
                0x000014dc       0x38 src/ASF/sam0/drivers/system/clock/clock_samc20_c21/gclk.o
                0x000014dc                system_gclk_chan_enable
 .text.system_gclk_chan_disable
                0x00001514       0x38 src/ASF/sam0/drivers/system/clock/clock_samc20_c21/gclk.o
                0x00001514                system_gclk_chan_disable
 .text.system_gclk_chan_set_config
                0x0000154c       0x24 src/ASF/sam0/drivers/system/clock/clock_samc20_c21/gclk.o
                0x0000154c                system_gclk_chan_set_config
 .text.system_gclk_chan_get_hz
                0x00001570       0x30 src/ASF/sam0/drivers/system/clock/clock_samc20_c21/gclk.o
                0x00001570                system_gclk_chan_get_hz
 .text._system_pinmux_config
                0x000015a0       0xa8 src/ASF/sam0/drivers/system/pinmux/pinmux.o
 .text.system_pinmux_pin_set_config
                0x00001648       0x2c src/ASF/sam0/drivers/system/pinmux/pinmux.o
                0x00001648                system_pinmux_pin_set_config
 .text._system_dummy_init
                0x00001674        0x2 src/ASF/sam0/drivers/system/system.o
                0x00001674                _system_extint_init
                0x00001674                _system_dummy_init
                0x00001674                _system_divas_init
 *fill*         0x00001676        0x2 
 .text.system_init
                0x00001678       0x2c src/ASF/sam0/drivers/system/system.o
                0x00001678                system_init
 .text.Dummy_Handler
                0x000016a4        0x2 src/ASF/sam0/utils/cmsis/samc21/source/gcc/startup_samc21.o
                0x000016a4                DMAC_Handler
                0x000016a4                HardFault_Handler
                0x000016a4                TC2_Handler
                0x000016a4                AC_Handler
                0x000016a4                SysTick_Handler
                0x000016a4                PendSV_Handler
                0x000016a4                NMI_Handler
                0x000016a4                EIC_Handler
                0x000016a4                WDT_Handler
                0x000016a4                CAN0_Handler
                0x000016a4                TC4_Handler
                0x000016a4                TC1_Handler
                0x000016a4                TC3_Handler
                0x000016a4                SDADC_Handler
                0x000016a4                Dummy_Handler
                0x000016a4                CAN1_Handler
                0x000016a4                SVC_Handler
                0x000016a4                NVMCTRL_Handler
                0x000016a4                SYSTEM_Handler
                0x000016a4                DAC_Handler
                0x000016a4                PTC_Handler
                0x000016a4                FREQM_Handler
                0x000016a4                TC0_Handler
 *fill*         0x000016a6        0x2 
 .text.Reset_Handler
                0x000016a8       0x88 src/ASF/sam0/utils/cmsis/samc21/source/gcc/startup_samc21.o
                0x000016a8                Reset_Handler
 .text._read    0x00001730       0x44 src/ASF/sam0/utils/stdio/read.o
                0x00001730                _read
 .text._write   0x00001774       0x50 src/ASF/sam0/utils/stdio/write.o
                0x00001774                _write
 .text._sbrk    0x000017c4       0x24 src/ASF/sam0/utils/syscalls/gcc/syscalls.o
                0x000017c4                _sbrk
 .text._close   0x000017e8        0x6 src/ASF/sam0/utils/syscalls/gcc/syscalls.o
                0x000017e8                _close
 .text._fstat   0x000017ee        0xa src/ASF/sam0/utils/syscalls/gcc/syscalls.o
                0x000017ee                _fstat
 .text._isatty  0x000017f8        0x4 src/ASF/sam0/utils/syscalls/gcc/syscalls.o
                0x000017f8                _isatty
 .text._lseek   0x000017fc        0x4 src/ASF/sam0/utils/syscalls/gcc/syscalls.o
                0x000017fc                _lseek
 .text.usart_write_callback
                0x00001800        0x2 src/main.o
                0x00001800                usart_write_callback
 *fill*         0x00001802        0x2 
 .text.usart_serial_getchar
                0x00001804       0x2c src/main.o
 .text.usart_serial_putchar
                0x00001830       0x18 src/main.o
 .text.clear_rx_buffer
                0x00001848       0x18 src/main.o
                0x00001848                clear_rx_buffer
 .text.clear_cmd_buffer
                0x00001860       0x18 src/main.o
                0x00001860                clear_cmd_buffer
 .text.usart_read_callback
                0x00001878       0xf4 src/main.o
                0x00001878                usart_read_callback
 .text.configure_usart_callbacks
                0x0000196c       0x34 src/main.o
                0x0000196c                configure_usart_callbacks
 .text.configure_usart
                0x000019a0       0xd4 src/main.o
                0x000019a0                configure_usart
 .text.main     0x00001a74      0x158 src/main.o
                0x00001a74                main
 .text          0x00001bcc      0x114 c:/program files (x86)/atmel/studio/7.0/toolchain/arm/arm-gnu-toolchain/bin/../lib/gcc/arm-none-eabi/6.2.1/thumb/v6-m\libgcc.a(_udivsi3.o)
                0x00001bcc                __aeabi_uidiv
                0x00001bcc                __udivsi3
                0x00001cd8                __aeabi_uidivmod
 .text          0x00001ce0        0x4 c:/program files (x86)/atmel/studio/7.0/toolchain/arm/arm-gnu-toolchain/bin/../lib/gcc/arm-none-eabi/6.2.1/thumb/v6-m\libgcc.a(_dvmd_tls.o)
                0x00001ce0                __aeabi_idiv0
                0x00001ce0                __aeabi_ldiv0
 .text          0x00001ce4       0x54 c:/program files (x86)/atmel/studio/7.0/toolchain/arm/arm-gnu-toolchain/bin/../lib/gcc/arm-none-eabi/6.2.1/thumb/v6-m\libgcc.a(_muldi3.o)
                0x00001ce4                __muldi3
                0x00001ce4                __aeabi_lmul
 .text.__libc_init_array
                0x00001d38       0x48 c:/program files (x86)/atmel/studio/7.0/toolchain/arm/arm-gnu-toolchain/bin/../lib/gcc/arm-none-eabi/6.2.1/../../../../arm-none-eabi/lib/thumb/v6-m\libc_nano.a(lib_a-init.o)
                0x00001d38                __libc_init_array
 .text.memset   0x00001d80       0x10 c:/program files (x86)/atmel/studio/7.0/toolchain/arm/arm-gnu-toolchain/bin/../lib/gcc/arm-none-eabi/6.2.1/../../../../arm-none-eabi/lib/thumb/v6-m\libc_nano.a(lib_a-memset.o)
                0x00001d80                memset
 .text.printf   0x00001d90       0x34 c:/program files (x86)/atmel/studio/7.0/toolchain/arm/arm-gnu-toolchain/bin/../lib/gcc/arm-none-eabi/6.2.1/../../../../arm-none-eabi/lib/thumb/v6-m\libc_nano.a(lib_a-printf.o)
                0x00001d90                iprintf
                0x00001d90                printf
 .text._puts_r  0x00001dc4       0xc0 c:/program files (x86)/atmel/studio/7.0/toolchain/arm/arm-gnu-toolchain/bin/../lib/gcc/arm-none-eabi/6.2.1/../../../../arm-none-eabi/lib/thumb/v6-m\libc_nano.a(lib_a-puts.o)
                0x00001dc4                _puts_r
 .text.puts     0x00001e84       0x14 c:/program files (x86)/atmel/studio/7.0/toolchain/arm/arm-gnu-toolchain/bin/../lib/gcc/arm-none-eabi/6.2.1/../../../../arm-none-eabi/lib/thumb/v6-m\libc_nano.a(lib_a-puts.o)
                0x00001e84                puts
 .text.setbuf   0x00001e98       0x12 c:/program files (x86)/atmel/studio/7.0/toolchain/arm/arm-gnu-toolchain/bin/../lib/gcc/arm-none-eabi/6.2.1/../../../../arm-none-eabi/lib/thumb/v6-m\libc_nano.a(lib_a-setbuf.o)
                0x00001e98                setbuf
 *fill*         0x00001eaa        0x2 
 .text.setvbuf  0x00001eac      0x158 c:/program files (x86)/atmel/studio/7.0/toolchain/arm/arm-gnu-toolchain/bin/../lib/gcc/arm-none-eabi/6.2.1/../../../../arm-none-eabi/lib/thumb/v6-m\libc_nano.a(lib_a-setvbuf.o)
                0x00001eac                setvbuf
 .text.__swbuf_r
                0x00002004       0xac c:/program files (x86)/atmel/studio/7.0/toolchain/arm/arm-gnu-toolchain/bin/../lib/gcc/arm-none-eabi/6.2.1/../../../../arm-none-eabi/lib/thumb/v6-m\libc_nano.a(lib_a-wbuf.o)
                0x00002004                __swbuf_r
 .text.__swsetup_r
                0x000020b0       0xec c:/program files (x86)/atmel/studio/7.0/toolchain/arm/arm-gnu-toolchain/bin/../lib/gcc/arm-none-eabi/6.2.1/../../../../arm-none-eabi/lib/thumb/v6-m\libc_nano.a(lib_a-wsetup.o)
                0x000020b0                __swsetup_r
 .text.__sflush_r
                0x0000219c      0x114 c:/program files (x86)/atmel/studio/7.0/toolchain/arm/arm-gnu-toolchain/bin/../lib/gcc/arm-none-eabi/6.2.1/../../../../arm-none-eabi/lib/thumb/v6-m\libc_nano.a(lib_a-fflush.o)
                0x0000219c                __sflush_r
 .text._fflush_r
                0x000022b0       0x58 c:/program files (x86)/atmel/studio/7.0/toolchain/arm/arm-gnu-toolchain/bin/../lib/gcc/arm-none-eabi/6.2.1/../../../../arm-none-eabi/lib/thumb/v6-m\libc_nano.a(lib_a-fflush.o)
                0x000022b0                _fflush_r
 .text._cleanup_r
                0x00002308       0x10 c:/program files (x86)/atmel/studio/7.0/toolchain/arm/arm-gnu-toolchain/bin/../lib/gcc/arm-none-eabi/6.2.1/../../../../arm-none-eabi/lib/thumb/v6-m\libc_nano.a(lib_a-findfp.o)
                0x00002308                _cleanup_r
 .text.std.isra.0
                0x00002318       0x48 c:/program files (x86)/atmel/studio/7.0/toolchain/arm/arm-gnu-toolchain/bin/../lib/gcc/arm-none-eabi/6.2.1/../../../../arm-none-eabi/lib/thumb/v6-m\libc_nano.a(lib_a-findfp.o)
 .text.__sfmoreglue
                0x00002360       0x2c c:/program files (x86)/atmel/studio/7.0/toolchain/arm/arm-gnu-toolchain/bin/../lib/gcc/arm-none-eabi/6.2.1/../../../../arm-none-eabi/lib/thumb/v6-m\libc_nano.a(lib_a-findfp.o)
                0x00002360                __sfmoreglue
 .text.__sinit  0x0000238c       0x68 c:/program files (x86)/atmel/studio/7.0/toolchain/arm/arm-gnu-toolchain/bin/../lib/gcc/arm-none-eabi/6.2.1/../../../../arm-none-eabi/lib/thumb/v6-m\libc_nano.a(lib_a-findfp.o)
                0x0000238c                __sinit
 .text.__sfp    0x000023f4       0x80 c:/program files (x86)/atmel/studio/7.0/toolchain/arm/arm-gnu-toolchain/bin/../lib/gcc/arm-none-eabi/6.2.1/../../../../arm-none-eabi/lib/thumb/v6-m\libc_nano.a(lib_a-findfp.o)
                0x000023f4                __sfp
 .text._fwalk_reent
                0x00002474       0x42 c:/program files (x86)/atmel/studio/7.0/toolchain/arm/arm-gnu-toolchain/bin/../lib/gcc/arm-none-eabi/6.2.1/../../../../arm-none-eabi/lib/thumb/v6-m\libc_nano.a(lib_a-fwalk.o)
                0x00002474                _fwalk_reent
 *fill*         0x000024b6        0x2 
 .text.__swhatbuf_r
                0x000024b8       0x50 c:/program files (x86)/atmel/studio/7.0/toolchain/arm/arm-gnu-toolchain/bin/../lib/gcc/arm-none-eabi/6.2.1/../../../../arm-none-eabi/lib/thumb/v6-m\libc_nano.a(lib_a-makebuf.o)
                0x000024b8                __swhatbuf_r
 .text.__smakebuf_r
                0x00002508       0x7c c:/program files (x86)/atmel/studio/7.0/toolchain/arm/arm-gnu-toolchain/bin/../lib/gcc/arm-none-eabi/6.2.1/../../../../arm-none-eabi/lib/thumb/v6-m\libc_nano.a(lib_a-makebuf.o)
                0x00002508                __smakebuf_r
 .text.malloc   0x00002584       0x14 c:/program files (x86)/atmel/studio/7.0/toolchain/arm/arm-gnu-toolchain/bin/../lib/gcc/arm-none-eabi/6.2.1/../../../../arm-none-eabi/lib/thumb/v6-m\libc_nano.a(lib_a-malloc.o)
                0x00002584                malloc
 .text._free_r  0x00002598       0x94 c:/program files (x86)/atmel/studio/7.0/toolchain/arm/arm-gnu-toolchain/bin/../lib/gcc/arm-none-eabi/6.2.1/../../../../arm-none-eabi/lib/thumb/v6-m\libc_nano.a(lib_a-nano-freer.o)
                0x00002598                _free_r
 .text._malloc_r
                0x0000262c       0xbc c:/program files (x86)/atmel/studio/7.0/toolchain/arm/arm-gnu-toolchain/bin/../lib/gcc/arm-none-eabi/6.2.1/../../../../arm-none-eabi/lib/thumb/v6-m\libc_nano.a(lib_a-nano-mallocr.o)
                0x0000262c                _malloc_r
 .text.__sfputc_r
                0x000026e8       0x2a c:/program files (x86)/atmel/studio/7.0/toolchain/arm/arm-gnu-toolchain/bin/../lib/gcc/arm-none-eabi/6.2.1/../../../../arm-none-eabi/lib/thumb/v6-m\libc_nano.a(lib_a-nano-vfprintf.o)
 .text.__sfputs_r
                0x00002712       0x24 c:/program files (x86)/atmel/studio/7.0/toolchain/arm/arm-gnu-toolchain/bin/../lib/gcc/arm-none-eabi/6.2.1/../../../../arm-none-eabi/lib/thumb/v6-m\libc_nano.a(lib_a-nano-vfprintf.o)
                0x00002712                __sfputs_r
 *fill*         0x00002736        0x2 
 .text._vfprintf_r
                0x00002738      0x238 c:/program files (x86)/atmel/studio/7.0/toolchain/arm/arm-gnu-toolchain/bin/../lib/gcc/arm-none-eabi/6.2.1/../../../../arm-none-eabi/lib/thumb/v6-m\libc_nano.a(lib_a-nano-vfprintf.o)
                0x00002738                _vfprintf_r
                0x00002738                _vfiprintf_r
 .text._printf_common
                0x00002970       0xda c:/program files (x86)/atmel/studio/7.0/toolchain/arm/arm-gnu-toolchain/bin/../lib/gcc/arm-none-eabi/6.2.1/../../../../arm-none-eabi/lib/thumb/v6-m\libc_nano.a(lib_a-nano-vfprintf_i.o)
                0x00002970                _printf_common
 *fill*         0x00002a4a        0x2 
 .text._printf_i
                0x00002a4c      0x234 c:/program files (x86)/atmel/studio/7.0/toolchain/arm/arm-gnu-toolchain/bin/../lib/gcc/arm-none-eabi/6.2.1/../../../../arm-none-eabi/lib/thumb/v6-m\libc_nano.a(lib_a-nano-vfprintf_i.o)
                0x00002a4c                _printf_i
 .text._sbrk_r  0x00002c80       0x24 c:/program files (x86)/atmel/studio/7.0/toolchain/arm/arm-gnu-toolchain/bin/../lib/gcc/arm-none-eabi/6.2.1/../../../../arm-none-eabi/lib/thumb/v6-m\libc_nano.a(lib_a-sbrkr.o)
                0x00002c80                _sbrk_r
 .text.__sread  0x00002ca4       0x28 c:/program files (x86)/atmel/studio/7.0/toolchain/arm/arm-gnu-toolchain/bin/../lib/gcc/arm-none-eabi/6.2.1/../../../../arm-none-eabi/lib/thumb/v6-m\libc_nano.a(lib_a-stdio.o)
                0x00002ca4                __sread
 .text.__swrite
                0x00002ccc       0x38 c:/program files (x86)/atmel/studio/7.0/toolchain/arm/arm-gnu-toolchain/bin/../lib/gcc/arm-none-eabi/6.2.1/../../../../arm-none-eabi/lib/thumb/v6-m\libc_nano.a(lib_a-stdio.o)
                0x00002ccc                __swrite
 .text.__sseek  0x00002d04       0x2c c:/program files (x86)/atmel/studio/7.0/toolchain/arm/arm-gnu-toolchain/bin/../lib/gcc/arm-none-eabi/6.2.1/../../../../arm-none-eabi/lib/thumb/v6-m\libc_nano.a(lib_a-stdio.o)
                0x00002d04                __sseek
 .text.__sclose
                0x00002d30        0xc c:/program files (x86)/atmel/studio/7.0/toolchain/arm/arm-gnu-toolchain/bin/../lib/gcc/arm-none-eabi/6.2.1/../../../../arm-none-eabi/lib/thumb/v6-m\libc_nano.a(lib_a-stdio.o)
                0x00002d30                __sclose
 .text._write_r
                0x00002d3c       0x28 c:/program files (x86)/atmel/studio/7.0/toolchain/arm/arm-gnu-toolchain/bin/../lib/gcc/arm-none-eabi/6.2.1/../../../../arm-none-eabi/lib/thumb/v6-m\libc_nano.a(lib_a-writer.o)
                0x00002d3c                _write_r
 .text._close_r
                0x00002d64       0x24 c:/program files (x86)/atmel/studio/7.0/toolchain/arm/arm-gnu-toolchain/bin/../lib/gcc/arm-none-eabi/6.2.1/../../../../arm-none-eabi/lib/thumb/v6-m\libc_nano.a(lib_a-closer.o)
                0x00002d64                _close_r
 .text._fstat_r
                0x00002d88       0x24 c:/program files (x86)/atmel/studio/7.0/toolchain/arm/arm-gnu-toolchain/bin/../lib/gcc/arm-none-eabi/6.2.1/../../../../arm-none-eabi/lib/thumb/v6-m\libc_nano.a(lib_a-fstatr.o)
                0x00002d88                _fstat_r
 .text._isatty_r
                0x00002dac       0x24 c:/program files (x86)/atmel/studio/7.0/toolchain/arm/arm-gnu-toolchain/bin/../lib/gcc/arm-none-eabi/6.2.1/../../../../arm-none-eabi/lib/thumb/v6-m\libc_nano.a(lib_a-isattyr.o)
                0x00002dac                _isatty_r
 .text._lseek_r
                0x00002dd0       0x28 c:/program files (x86)/atmel/studio/7.0/toolchain/arm/arm-gnu-toolchain/bin/../lib/gcc/arm-none-eabi/6.2.1/../../../../arm-none-eabi/lib/thumb/v6-m\libc_nano.a(lib_a-lseekr.o)
                0x00002dd0                _lseek_r
 .text.memchr   0x00002df8       0x16 c:/program files (x86)/atmel/studio/7.0/toolchain/arm/arm-gnu-toolchain/bin/../lib/gcc/arm-none-eabi/6.2.1/../../../../arm-none-eabi/lib/thumb/v6-m\libc_nano.a(lib_a-memchr-stub.o)
                0x00002df8                memchr
 .text.__malloc_lock
                0x00002e0e        0x2 c:/program files (x86)/atmel/studio/7.0/toolchain/arm/arm-gnu-toolchain/bin/../lib/gcc/arm-none-eabi/6.2.1/../../../../arm-none-eabi/lib/thumb/v6-m\libc_nano.a(lib_a-mlock.o)
                0x00002e0e                __malloc_lock
 .text.__malloc_unlock
                0x00002e10        0x2 c:/program files (x86)/atmel/studio/7.0/toolchain/arm/arm-gnu-toolchain/bin/../lib/gcc/arm-none-eabi/6.2.1/../../../../arm-none-eabi/lib/thumb/v6-m\libc_nano.a(lib_a-mlock.o)
                0x00002e10                __malloc_unlock
 *fill*         0x00002e12        0x2 
 .text._read_r  0x00002e14       0x28 c:/program files (x86)/atmel/studio/7.0/toolchain/arm/arm-gnu-toolchain/bin/../lib/gcc/arm-none-eabi/6.2.1/../../../../arm-none-eabi/lib/thumb/v6-m\libc_nano.a(lib_a-readr.o)
                0x00002e14                _read_r
 *(.glue_7t)
 .glue_7t       0x00002e3c        0x0 linker stubs
 *(.glue_7)
 .glue_7        0x00002e3c        0x0 linker stubs
 *(.rodata .rodata* .gnu.linkonce.r.*)
 .rodata._tcc_intflag
                0x00002e3c       0x30 src/ASF/sam0/drivers/tcc/tcc_callback.o
                0x00002e3c                _tcc_intflag
 .rodata        0x00002e6c       0x18 src/ASF/sam0/drivers/sercom/sercom.o
 .rodata.system_clock_source_get_hz
                0x00002e84       0x20 src/ASF/sam0/drivers/system/clock/clock_samc20_c21/clock.o
 .rodata.system_clock_source_enable
                0x00002ea4       0x20 src/ASF/sam0/drivers/system/clock/clock_samc20_c21/clock.o
 .rodata.usart_read_callback.str1.4
                0x00002ec4       0x10 src/main.o
 .rodata._global_impure_ptr
                0x00002ed4        0x4 c:/program files (x86)/atmel/studio/7.0/toolchain/arm/arm-gnu-toolchain/bin/../lib/gcc/arm-none-eabi/6.2.1/../../../../arm-none-eabi/lib/thumb/v6-m\libc_nano.a(lib_a-impure.o)
                0x00002ed4                _global_impure_ptr
 .rodata.__sf_fake_stderr
                0x00002ed8       0x20 c:/program files (x86)/atmel/studio/7.0/toolchain/arm/arm-gnu-toolchain/bin/../lib/gcc/arm-none-eabi/6.2.1/../../../../arm-none-eabi/lib/thumb/v6-m\libc_nano.a(lib_a-findfp.o)
                0x00002ed8                __sf_fake_stderr
 .rodata.__sf_fake_stdin
                0x00002ef8       0x20 c:/program files (x86)/atmel/studio/7.0/toolchain/arm/arm-gnu-toolchain/bin/../lib/gcc/arm-none-eabi/6.2.1/../../../../arm-none-eabi/lib/thumb/v6-m\libc_nano.a(lib_a-findfp.o)
                0x00002ef8                __sf_fake_stdin
 .rodata.__sf_fake_stdout
                0x00002f18       0x20 c:/program files (x86)/atmel/studio/7.0/toolchain/arm/arm-gnu-toolchain/bin/../lib/gcc/arm-none-eabi/6.2.1/../../../../arm-none-eabi/lib/thumb/v6-m\libc_nano.a(lib_a-findfp.o)
                0x00002f18                __sf_fake_stdout
 .rodata._vfprintf_r.str1.1
                0x00002f38       0x11 c:/program files (x86)/atmel/studio/7.0/toolchain/arm/arm-gnu-toolchain/bin/../lib/gcc/arm-none-eabi/6.2.1/../../../../arm-none-eabi/lib/thumb/v6-m\libc_nano.a(lib_a-nano-vfprintf.o)
 .rodata._printf_i.str1.1
                0x00002f49       0x22 c:/program files (x86)/atmel/studio/7.0/toolchain/arm/arm-gnu-toolchain/bin/../lib/gcc/arm-none-eabi/6.2.1/../../../../arm-none-eabi/lib/thumb/v6-m\libc_nano.a(lib_a-nano-vfprintf_i.o)
 *(.ARM.extab* .gnu.linkonce.armextab.*)
                0x00002f6c                . = ALIGN (0x4)
 *fill*         0x00002f6b        0x1 
 *(.init)
 .init          0x00002f6c        0x4 c:/program files (x86)/atmel/studio/7.0/toolchain/arm/arm-gnu-toolchain/bin/../lib/gcc/arm-none-eabi/6.2.1/thumb/v6-m/crti.o
                0x00002f6c                _init
 .init          0x00002f70        0x8 c:/program files (x86)/atmel/studio/7.0/toolchain/arm/arm-gnu-toolchain/bin/../lib/gcc/arm-none-eabi/6.2.1/thumb/v6-m/crtn.o
                0x00002f78                . = ALIGN (0x4)
                0x00002f78                __preinit_array_start = .
 *(.preinit_array)
                0x00002f78                __preinit_array_end = .
                0x00002f78                . = ALIGN (0x4)
                0x00002f78                __init_array_start = .
 *(SORT(.init_array.*))
 *(.init_array)
 .init_array    0x00002f78        0x4 c:/program files (x86)/atmel/studio/7.0/toolchain/arm/arm-gnu-toolchain/bin/../lib/gcc/arm-none-eabi/6.2.1/thumb/v6-m/crtbegin.o
                0x00002f7c                __init_array_end = .
                0x00002f7c                . = ALIGN (0x4)
 *crtbegin.o(.ctors)
 *(EXCLUDE_FILE(*crtend.o) .ctors)
 *(SORT(.ctors.*))
 *crtend.o(.ctors)
                0x00002f7c                . = ALIGN (0x4)
 *(.fini)
 .fini          0x00002f7c        0x4 c:/program files (x86)/atmel/studio/7.0/toolchain/arm/arm-gnu-toolchain/bin/../lib/gcc/arm-none-eabi/6.2.1/thumb/v6-m/crti.o
                0x00002f7c                _fini
 .fini          0x00002f80        0x8 c:/program files (x86)/atmel/studio/7.0/toolchain/arm/arm-gnu-toolchain/bin/../lib/gcc/arm-none-eabi/6.2.1/thumb/v6-m/crtn.o
                0x00002f88                . = ALIGN (0x4)
                0x00002f88                __fini_array_start = .
 *(.fini_array)
 .fini_array    0x00002f88        0x4 c:/program files (x86)/atmel/studio/7.0/toolchain/arm/arm-gnu-toolchain/bin/../lib/gcc/arm-none-eabi/6.2.1/thumb/v6-m/crtbegin.o
 *(SORT(.fini_array.*))
                0x00002f8c                __fini_array_end = .
 *crtbegin.o(.dtors)
 *(EXCLUDE_FILE(*crtend.o) .dtors)
 *(SORT(.dtors.*))
 *crtend.o(.dtors)
                0x00002f8c                . = ALIGN (0x4)
                0x00002f8c                _efixed = .
                [!provide]                PROVIDE (__exidx_start, .)

.vfp11_veneer   0x00002f8c        0x0
 .vfp11_veneer  0x00002f8c        0x0 linker stubs

.v4_bx          0x00002f8c        0x0
 .v4_bx         0x00002f8c        0x0 linker stubs

.iplt           0x00002f8c        0x0
 .iplt          0x00002f8c        0x0 c:/program files (x86)/atmel/studio/7.0/toolchain/arm/arm-gnu-toolchain/bin/../lib/gcc/arm-none-eabi/6.2.1/thumb/v6-m/crtbegin.o

.eh_frame       0x00002f8c        0x0
 .eh_frame      0x00002f8c        0x0 c:/program files (x86)/atmel/studio/7.0/toolchain/arm/arm-gnu-toolchain/bin/../lib/gcc/arm-none-eabi/6.2.1/thumb/v6-m/crtbegin.o

.rel.dyn        0x00002f8c        0x0
 .rel.iplt      0x00002f8c        0x0 c:/program files (x86)/atmel/studio/7.0/toolchain/arm/arm-gnu-toolchain/bin/../lib/gcc/arm-none-eabi/6.2.1/thumb/v6-m/crtbegin.o

.jcr            0x00002f8c        0x0
 .jcr           0x00002f8c        0x0 c:/program files (x86)/atmel/studio/7.0/toolchain/arm/arm-gnu-toolchain/bin/../lib/gcc/arm-none-eabi/6.2.1/thumb/v6-m/crtbegin.o

.igot.plt       0x00002f8c        0x0
 .igot.plt      0x00002f8c        0x0 c:/program files (x86)/atmel/studio/7.0/toolchain/arm/arm-gnu-toolchain/bin/../lib/gcc/arm-none-eabi/6.2.1/thumb/v6-m/crtbegin.o

.ARM.exidx
 *(.ARM.exidx* .gnu.linkonce.armexidx.*)
                [!provide]                PROVIDE (__exidx_end, .)
                0x00002f8c                . = ALIGN (0x4)
                0x00002f8c                _etext = .

.relocate       0x20000000       0x7c load address 0x00002f8c
                0x20000000                . = ALIGN (0x4)
                0x20000000                _srelocate = .
 *(.ramfunc .ramfunc.*)
 *(.data .data.*)
 .data._events_inst
                0x20000000       0x14 src/ASF/sam0/drivers/events/events_sam_l_c/events.o
                0x20000000                _events_inst
 .data.g_interrupt_enabled
                0x20000014        0x1 src/ASF/common/utils/interrupt/interrupt_sam_nvic.o
                0x20000014                g_interrupt_enabled
 *fill*         0x20000015        0x3 
 .data._impure_ptr
                0x20000018        0x4 c:/program files (x86)/atmel/studio/7.0/toolchain/arm/arm-gnu-toolchain/bin/../lib/gcc/arm-none-eabi/6.2.1/../../../../arm-none-eabi/lib/thumb/v6-m\libc_nano.a(lib_a-impure.o)
                0x20000018                _impure_ptr
 .data.impure_data
                0x2000001c       0x60 c:/program files (x86)/atmel/studio/7.0/toolchain/arm/arm-gnu-toolchain/bin/../lib/gcc/arm-none-eabi/6.2.1/../../../../arm-none-eabi/lib/thumb/v6-m\libc_nano.a(lib_a-impure.o)
                0x2000007c                . = ALIGN (0x4)
                0x2000007c                _erelocate = .

.bss            0x2000007c      0x184 load address 0x00003008
                0x2000007c                . = ALIGN (0x4)
                0x2000007c                _sbss = .
                0x2000007c                _szero = .
 *(.bss .bss.*)
 .bss           0x2000007c       0x1c c:/program files (x86)/atmel/studio/7.0/toolchain/arm/arm-gnu-toolchain/bin/../lib/gcc/arm-none-eabi/6.2.1/thumb/v6-m/crtbegin.o
 .bss.cpu_irq_critical_section_counter
                0x20000098        0x4 src/ASF/common/utils/interrupt/interrupt_sam_nvic.o
 .bss.cpu_irq_prev_interrupt_state
                0x2000009c        0x1 src/ASF/common/utils/interrupt/interrupt_sam_nvic.o
 *fill*         0x2000009d        0x3 
 .bss._sercom_config
                0x200000a0        0x2 src/ASF/sam0/drivers/sercom/sercom.o
 .bss._handler_table_initialized
                0x200000a2        0x1 src/ASF/sam0/drivers/sercom/sercom_interrupt.o
 *fill*         0x200000a3        0x1 
 .bss._sercom_interrupt_handlers
                0x200000a4       0x18 src/ASF/sam0/drivers/sercom/sercom_interrupt.o
 .bss._system_clock_inst
                0x200000bc        0xc src/ASF/sam0/drivers/system/clock/clock_samc20_c21/clock.o
 .bss.heap.5276
                0x200000c8        0x4 src/ASF/sam0/utils/syscalls/gcc/syscalls.o
 .bss.buffer_index
                0x200000cc        0x1 src/main.o
                0x200000cc                buffer_index
 *fill*         0x200000cd        0x3 
 .bss.cdc_instance
                0x200000d0       0x34 src/main.o
 .bss.cmd_length
                0x20000104        0x1 src/main.o
                0x20000104                cmd_length
 .bss.cmd_received
                0x20000105        0x1 src/main.o
                0x20000105                cmd_received
 .bss.cmd_start
                0x20000106        0x1 src/main.o
                0x20000106                cmd_start
 *fill*         0x20000107        0x1 
 .bss.command_buffer
                0x20000108       0x64 src/main.o
                0x20000108                command_buffer
 .bss.usart_instance
                0x2000016c       0x34 src/main.o
 .bss.__malloc_free_list
                0x200001a0        0x4 c:/program files (x86)/atmel/studio/7.0/toolchain/arm/arm-gnu-toolchain/bin/../lib/gcc/arm-none-eabi/6.2.1/../../../../arm-none-eabi/lib/thumb/v6-m\libc_nano.a(lib_a-nano-mallocr.o)
                0x200001a0                __malloc_free_list
 .bss.__malloc_sbrk_start
                0x200001a4        0x4 c:/program files (x86)/atmel/studio/7.0/toolchain/arm/arm-gnu-toolchain/bin/../lib/gcc/arm-none-eabi/6.2.1/../../../../arm-none-eabi/lib/thumb/v6-m\libc_nano.a(lib_a-nano-mallocr.o)
                0x200001a4                __malloc_sbrk_start
 *(COMMON)
 COMMON         0x200001a8        0x8 src/ASF/sam0/drivers/adc/adc_sam_l_c/adc_callback.o
                0x200001a8                _adc_instances
 COMMON         0x200001b0        0x4 src/ASF/sam0/drivers/rtc/rtc_sam_l_c/rtc_calendar.o
                0x200001b0                _rtc_instance
 COMMON         0x200001b4        0x4 src/ASF/sam0/drivers/tsens/tsens_callback.o
                0x200001b4                _tsens_instances
 COMMON         0x200001b8        0xc src/ASF/sam0/drivers/tcc/tcc_callback.o
                0x200001b8                _tcc_instances
 COMMON         0x200001c4       0x18 src/ASF/sam0/drivers/sercom/sercom_interrupt.o
                0x200001c4                _sercom_instances
 COMMON         0x200001dc        0x4 src/ASF/sam0/utils/stdio/read.o
                0x200001dc                ptr_get
 COMMON         0x200001e0        0x8 src/ASF/sam0/utils/stdio/write.o
                0x200001e0                ptr_put
                0x200001e4                stdio_base
 COMMON         0x200001e8       0x14 src/main.o
                0x200001e8                rx_buffer
 COMMON         0x200001fc        0x4 c:/program files (x86)/atmel/studio/7.0/toolchain/arm/arm-gnu-toolchain/bin/../lib/gcc/arm-none-eabi/6.2.1/../../../../arm-none-eabi/lib/thumb/v6-m\libc_nano.a(lib_a-reent.o)
                0x200001fc                errno
                0x20000200                . = ALIGN (0x4)
                0x20000200                _ebss = .
                0x20000200                _ezero = .

.stack          0x20000200     0x2000 load address 0x0000318c
                0x20000200                . = ALIGN (0x8)
                0x20000200                _sstack = .
                0x20002200                . = (. + STACK_SIZE)
 *fill*         0x20000200     0x2000 
                0x20002200                . = ALIGN (0x8)
                0x20002200                _estack = .
                0x20002200                . = ALIGN (0x4)
                0x20002200                _end = .
OUTPUT(SmartMeter-c21.elf elf32-littlearm)

.ARM.attributes
                0x00000000       0x28
 .ARM.attributes
                0x00000000       0x1e c:/program files (x86)/atmel/studio/7.0/toolchain/arm/arm-gnu-toolchain/bin/../lib/gcc/arm-none-eabi/6.2.1/thumb/v6-m/crti.o
 .ARM.attributes
                0x0000001e       0x2c c:/program files (x86)/atmel/studio/7.0/toolchain/arm/arm-gnu-toolchain/bin/../lib/gcc/arm-none-eabi/6.2.1/thumb/v6-m/crtbegin.o
 .ARM.attributes
                0x0000004a       0x32 src/ASF/sam0/drivers/adc/adc_sam_l_c/adc_callback.o
 .ARM.attributes
                0x0000007c       0x32 src/ASF/sam0/drivers/rtc/rtc_sam_l_c/rtc_calendar.o
 .ARM.attributes
                0x000000ae       0x32 src/ASF/sam0/drivers/rtc/rtc_sam_l_c/rtc_calendar_interrupt.o
 .ARM.attributes
                0x000000e0       0x32 src/ASF/sam0/drivers/tsens/tsens_callback.o
 .ARM.attributes
                0x00000112       0x32 src/ASF/sam0/drivers/tcc/tcc_callback.o
 .ARM.attributes
                0x00000144       0x32 src/ASF/sam0/drivers/events/events_hooks.o
 .ARM.attributes
                0x00000176       0x32 src/ASF/sam0/drivers/events/events_sam_l_c/events.o
 .ARM.attributes
                0x000001a8       0x32 src/ASF/common/utils/interrupt/interrupt_sam_nvic.o
 .ARM.attributes
                0x000001da       0x32 src/ASF/sam0/boards/samc21_xplained_pro/board_init.o
 .ARM.attributes
                0x0000020c       0x32 src/ASF/sam0/drivers/port/port.o
 .ARM.attributes
                0x0000023e       0x32 src/ASF/sam0/drivers/sercom/sercom.o
 .ARM.attributes
                0x00000270       0x32 src/ASF/sam0/drivers/sercom/sercom_interrupt.o
 .ARM.attributes
                0x000002a2       0x32 src/ASF/sam0/drivers/sercom/usart/usart.o
 .ARM.attributes
                0x000002d4       0x32 src/ASF/sam0/drivers/sercom/usart/usart_interrupt.o
 .ARM.attributes
                0x00000306       0x32 src/ASF/sam0/drivers/system/clock/clock_samc20_c21/clock.o
 .ARM.attributes
                0x00000338       0x32 src/ASF/sam0/drivers/system/clock/clock_samc20_c21/gclk.o
 .ARM.attributes
                0x0000036a       0x32 src/ASF/sam0/drivers/system/pinmux/pinmux.o
 .ARM.attributes
                0x0000039c       0x32 src/ASF/sam0/drivers/system/system.o
 .ARM.attributes
                0x000003ce       0x32 src/ASF/sam0/utils/cmsis/samc21/source/gcc/startup_samc21.o
 .ARM.attributes
                0x00000400       0x32 src/ASF/sam0/utils/stdio/read.o
 .ARM.attributes
                0x00000432       0x32 src/ASF/sam0/utils/stdio/write.o
 .ARM.attributes
                0x00000464       0x32 src/ASF/sam0/utils/syscalls/gcc/syscalls.o
 .ARM.attributes
                0x00000496       0x32 src/main.o
 .ARM.attributes
                0x000004c8       0x1e c:/program files (x86)/atmel/studio/7.0/toolchain/arm/arm-gnu-toolchain/bin/../lib/gcc/arm-none-eabi/6.2.1/thumb/v6-m\libgcc.a(_udivsi3.o)
 .ARM.attributes
                0x000004e6       0x1e c:/program files (x86)/atmel/studio/7.0/toolchain/arm/arm-gnu-toolchain/bin/../lib/gcc/arm-none-eabi/6.2.1/thumb/v6-m\libgcc.a(_dvmd_tls.o)
 .ARM.attributes
                0x00000504       0x2c c:/program files (x86)/atmel/studio/7.0/toolchain/arm/arm-gnu-toolchain/bin/../lib/gcc/arm-none-eabi/6.2.1/thumb/v6-m\libgcc.a(_muldi3.o)
 .ARM.attributes
                0x00000530       0x2c c:/program files (x86)/atmel/studio/7.0/toolchain/arm/arm-gnu-toolchain/bin/../lib/gcc/arm-none-eabi/6.2.1/../../../../arm-none-eabi/lib/thumb/v6-m\libc_nano.a(lib_a-impure.o)
 .ARM.attributes
                0x0000055c       0x2c c:/program files (x86)/atmel/studio/7.0/toolchain/arm/arm-gnu-toolchain/bin/../lib/gcc/arm-none-eabi/6.2.1/../../../../arm-none-eabi/lib/thumb/v6-m\libc_nano.a(lib_a-init.o)
 .ARM.attributes
                0x00000588       0x2c c:/program files (x86)/atmel/studio/7.0/toolchain/arm/arm-gnu-toolchain/bin/../lib/gcc/arm-none-eabi/6.2.1/../../../../arm-none-eabi/lib/thumb/v6-m\libc_nano.a(lib_a-memset.o)
 .ARM.attributes
                0x000005b4       0x2c c:/program files (x86)/atmel/studio/7.0/toolchain/arm/arm-gnu-toolchain/bin/../lib/gcc/arm-none-eabi/6.2.1/../../../../arm-none-eabi/lib/thumb/v6-m\libc_nano.a(lib_a-printf.o)
 .ARM.attributes
                0x000005e0       0x2c c:/program files (x86)/atmel/studio/7.0/toolchain/arm/arm-gnu-toolchain/bin/../lib/gcc/arm-none-eabi/6.2.1/../../../../arm-none-eabi/lib/thumb/v6-m\libc_nano.a(lib_a-puts.o)
 .ARM.attributes
                0x0000060c       0x2c c:/program files (x86)/atmel/studio/7.0/toolchain/arm/arm-gnu-toolchain/bin/../lib/gcc/arm-none-eabi/6.2.1/../../../../arm-none-eabi/lib/thumb/v6-m\libc_nano.a(lib_a-setbuf.o)
 .ARM.attributes
                0x00000638       0x2c c:/program files (x86)/atmel/studio/7.0/toolchain/arm/arm-gnu-toolchain/bin/../lib/gcc/arm-none-eabi/6.2.1/../../../../arm-none-eabi/lib/thumb/v6-m\libc_nano.a(lib_a-setvbuf.o)
 .ARM.attributes
                0x00000664       0x2c c:/program files (x86)/atmel/studio/7.0/toolchain/arm/arm-gnu-toolchain/bin/../lib/gcc/arm-none-eabi/6.2.1/../../../../arm-none-eabi/lib/thumb/v6-m\libc_nano.a(lib_a-wbuf.o)
 .ARM.attributes
                0x00000690       0x2c c:/program files (x86)/atmel/studio/7.0/toolchain/arm/arm-gnu-toolchain/bin/../lib/gcc/arm-none-eabi/6.2.1/../../../../arm-none-eabi/lib/thumb/v6-m\libc_nano.a(lib_a-wsetup.o)
 .ARM.attributes
                0x000006bc       0x2c c:/program files (x86)/atmel/studio/7.0/toolchain/arm/arm-gnu-toolchain/bin/../lib/gcc/arm-none-eabi/6.2.1/../../../../arm-none-eabi/lib/thumb/v6-m\libc_nano.a(lib_a-fflush.o)
 .ARM.attributes
                0x000006e8       0x2c c:/program files (x86)/atmel/studio/7.0/toolchain/arm/arm-gnu-toolchain/bin/../lib/gcc/arm-none-eabi/6.2.1/../../../../arm-none-eabi/lib/thumb/v6-m\libc_nano.a(lib_a-findfp.o)
 .ARM.attributes
                0x00000714       0x2c c:/program files (x86)/atmel/studio/7.0/toolchain/arm/arm-gnu-toolchain/bin/../lib/gcc/arm-none-eabi/6.2.1/../../../../arm-none-eabi/lib/thumb/v6-m\libc_nano.a(lib_a-fwalk.o)
 .ARM.attributes
                0x00000740       0x2c c:/program files (x86)/atmel/studio/7.0/toolchain/arm/arm-gnu-toolchain/bin/../lib/gcc/arm-none-eabi/6.2.1/../../../../arm-none-eabi/lib/thumb/v6-m\libc_nano.a(lib_a-makebuf.o)
 .ARM.attributes
                0x0000076c       0x2c c:/program files (x86)/atmel/studio/7.0/toolchain/arm/arm-gnu-toolchain/bin/../lib/gcc/arm-none-eabi/6.2.1/../../../../arm-none-eabi/lib/thumb/v6-m\libc_nano.a(lib_a-malloc.o)
 .ARM.attributes
                0x00000798       0x2c c:/program files (x86)/atmel/studio/7.0/toolchain/arm/arm-gnu-toolchain/bin/../lib/gcc/arm-none-eabi/6.2.1/../../../../arm-none-eabi/lib/thumb/v6-m\libc_nano.a(lib_a-nano-freer.o)
 .ARM.attributes
                0x000007c4       0x2c c:/program files (x86)/atmel/studio/7.0/toolchain/arm/arm-gnu-toolchain/bin/../lib/gcc/arm-none-eabi/6.2.1/../../../../arm-none-eabi/lib/thumb/v6-m\libc_nano.a(lib_a-nano-mallocr.o)
 .ARM.attributes
                0x000007f0       0x2c c:/program files (x86)/atmel/studio/7.0/toolchain/arm/arm-gnu-toolchain/bin/../lib/gcc/arm-none-eabi/6.2.1/../../../../arm-none-eabi/lib/thumb/v6-m\libc_nano.a(lib_a-nano-vfprintf.o)
 .ARM.attributes
                0x0000081c       0x2c c:/program files (x86)/atmel/studio/7.0/toolchain/arm/arm-gnu-toolchain/bin/../lib/gcc/arm-none-eabi/6.2.1/../../../../arm-none-eabi/lib/thumb/v6-m\libc_nano.a(lib_a-nano-vfprintf_i.o)
 .ARM.attributes
                0x00000848       0x2c c:/program files (x86)/atmel/studio/7.0/toolchain/arm/arm-gnu-toolchain/bin/../lib/gcc/arm-none-eabi/6.2.1/../../../../arm-none-eabi/lib/thumb/v6-m\libc_nano.a(lib_a-sbrkr.o)
 .ARM.attributes
                0x00000874       0x2c c:/program files (x86)/atmel/studio/7.0/toolchain/arm/arm-gnu-toolchain/bin/../lib/gcc/arm-none-eabi/6.2.1/../../../../arm-none-eabi/lib/thumb/v6-m\libc_nano.a(lib_a-stdio.o)
 .ARM.attributes
                0x000008a0       0x2c c:/program files (x86)/atmel/studio/7.0/toolchain/arm/arm-gnu-toolchain/bin/../lib/gcc/arm-none-eabi/6.2.1/../../../../arm-none-eabi/lib/thumb/v6-m\libc_nano.a(lib_a-writer.o)
 .ARM.attributes
                0x000008cc       0x2c c:/program files (x86)/atmel/studio/7.0/toolchain/arm/arm-gnu-toolchain/bin/../lib/gcc/arm-none-eabi/6.2.1/../../../../arm-none-eabi/lib/thumb/v6-m\libc_nano.a(lib_a-closer.o)
 .ARM.attributes
                0x000008f8       0x2c c:/program files (x86)/atmel/studio/7.0/toolchain/arm/arm-gnu-toolchain/bin/../lib/gcc/arm-none-eabi/6.2.1/../../../../arm-none-eabi/lib/thumb/v6-m\libc_nano.a(lib_a-fstatr.o)
 .ARM.attributes
                0x00000924       0x2c c:/program files (x86)/atmel/studio/7.0/toolchain/arm/arm-gnu-toolchain/bin/../lib/gcc/arm-none-eabi/6.2.1/../../../../arm-none-eabi/lib/thumb/v6-m\libc_nano.a(lib_a-isattyr.o)
 .ARM.attributes
                0x00000950       0x2c c:/program files (x86)/atmel/studio/7.0/toolchain/arm/arm-gnu-toolchain/bin/../lib/gcc/arm-none-eabi/6.2.1/../../../../arm-none-eabi/lib/thumb/v6-m\libc_nano.a(lib_a-lseekr.o)
 .ARM.attributes
                0x0000097c       0x2c c:/program files (x86)/atmel/studio/7.0/toolchain/arm/arm-gnu-toolchain/bin/../lib/gcc/arm-none-eabi/6.2.1/../../../../arm-none-eabi/lib/thumb/v6-m\libc_nano.a(lib_a-memchr-stub.o)
 .ARM.attributes
                0x000009a8       0x2c c:/program files (x86)/atmel/studio/7.0/toolchain/arm/arm-gnu-toolchain/bin/../lib/gcc/arm-none-eabi/6.2.1/../../../../arm-none-eabi/lib/thumb/v6-m\libc_nano.a(lib_a-mlock.o)
 .ARM.attributes
                0x000009d4       0x2c c:/program files (x86)/atmel/studio/7.0/toolchain/arm/arm-gnu-toolchain/bin/../lib/gcc/arm-none-eabi/6.2.1/../../../../arm-none-eabi/lib/thumb/v6-m\libc_nano.a(lib_a-readr.o)
 .ARM.attributes
                0x00000a00       0x2c c:/program files (x86)/atmel/studio/7.0/toolchain/arm/arm-gnu-toolchain/bin/../lib/gcc/arm-none-eabi/6.2.1/../../../../arm-none-eabi/lib/thumb/v6-m\libc_nano.a(lib_a-reent.o)
 .ARM.attributes
                0x00000a2c       0x1e c:/program files (x86)/atmel/studio/7.0/toolchain/arm/arm-gnu-toolchain/bin/../lib/gcc/arm-none-eabi/6.2.1/thumb/v6-m/crtn.o

.comment        0x00000000       0x59
 .comment       0x00000000       0x59 src/ASF/sam0/drivers/adc/adc_sam_l_c/adc_callback.o
                                 0x5a (size before relaxing)
 .comment       0x00000059       0x5a src/ASF/sam0/drivers/rtc/rtc_sam_l_c/rtc_calendar.o
 .comment       0x00000059       0x5a src/ASF/sam0/drivers/rtc/rtc_sam_l_c/rtc_calendar_interrupt.o
 .comment       0x00000059       0x5a src/ASF/sam0/drivers/tsens/tsens_callback.o
 .comment       0x00000059       0x5a src/ASF/sam0/drivers/tcc/tcc_callback.o
 .comment       0x00000059       0x5a src/ASF/sam0/drivers/events/events_hooks.o
 .comment       0x00000059       0x5a src/ASF/sam0/drivers/events/events_sam_l_c/events.o
 .comment       0x00000059       0x5a src/ASF/common/utils/interrupt/interrupt_sam_nvic.o
 .comment       0x00000059       0x5a src/ASF/sam0/boards/samc21_xplained_pro/board_init.o
 .comment       0x00000059       0x5a src/ASF/sam0/drivers/port/port.o
 .comment       0x00000059       0x5a src/ASF/sam0/drivers/sercom/sercom.o
 .comment       0x00000059       0x5a src/ASF/sam0/drivers/sercom/sercom_interrupt.o
 .comment       0x00000059       0x5a src/ASF/sam0/drivers/sercom/usart/usart.o
 .comment       0x00000059       0x5a src/ASF/sam0/drivers/sercom/usart/usart_interrupt.o
 .comment       0x00000059       0x5a src/ASF/sam0/drivers/system/clock/clock_samc20_c21/clock.o
 .comment       0x00000059       0x5a src/ASF/sam0/drivers/system/clock/clock_samc20_c21/gclk.o
 .comment       0x00000059       0x5a src/ASF/sam0/drivers/system/pinmux/pinmux.o
 .comment       0x00000059       0x5a src/ASF/sam0/drivers/system/system.o
 .comment       0x00000059       0x5a src/ASF/sam0/utils/cmsis/samc21/source/gcc/startup_samc21.o
 .comment       0x00000059       0x5a src/ASF/sam0/utils/stdio/read.o
 .comment       0x00000059       0x5a src/ASF/sam0/utils/stdio/write.o
 .comment       0x00000059       0x5a src/ASF/sam0/utils/syscalls/gcc/syscalls.o
 .comment       0x00000059       0x5a src/main.o

.debug_info     0x00000000    0x30594
 .debug_info    0x00000000     0x1d87 src/ASF/sam0/drivers/adc/adc_sam_l_c/adc_callback.o
 .debug_info    0x00001d87     0x421f src/ASF/sam0/drivers/rtc/rtc_sam_l_c/rtc_calendar.o
 .debug_info    0x00005fa6     0x290b src/ASF/sam0/drivers/rtc/rtc_sam_l_c/rtc_calendar_interrupt.o
 .debug_info    0x000088b1     0x1518 src/ASF/sam0/drivers/tsens/tsens_callback.o
 .debug_info    0x00009dc9     0x2fd3 src/ASF/sam0/drivers/tcc/tcc_callback.o
 .debug_info    0x0000cd9c     0x1cc3 src/ASF/sam0/drivers/events/events_hooks.o
 .debug_info    0x0000ea5f     0x2675 src/ASF/sam0/drivers/events/events_sam_l_c/events.o
 .debug_info    0x000110d4      0xafb src/ASF/common/utils/interrupt/interrupt_sam_nvic.o
 .debug_info    0x00011bcf     0x123e src/ASF/sam0/boards/samc21_xplained_pro/board_init.o
 .debug_info    0x00012e0d     0x1248 src/ASF/sam0/drivers/port/port.o
 .debug_info    0x00014055     0x2ed8 src/ASF/sam0/drivers/sercom/sercom.o
 .debug_info    0x00016f2d     0x2cac src/ASF/sam0/drivers/sercom/sercom_interrupt.o
 .debug_info    0x00019bd9     0x4bca src/ASF/sam0/drivers/sercom/usart/usart.o
 .debug_info    0x0001e7a3     0x30bf src/ASF/sam0/drivers/sercom/usart/usart_interrupt.o
 .debug_info    0x00021862     0x3a40 src/ASF/sam0/drivers/system/clock/clock_samc20_c21/clock.o
 .debug_info    0x000252a2     0x1c39 src/ASF/sam0/drivers/system/clock/clock_samc20_c21/gclk.o
 .debug_info    0x00026edb     0x1387 src/ASF/sam0/drivers/system/pinmux/pinmux.o
 .debug_info    0x00028262      0xa67 src/ASF/sam0/drivers/system/system.o
 .debug_info    0x00028cc9      0x523 src/ASF/sam0/utils/cmsis/samc21/source/gcc/startup_samc21.o
 .debug_info    0x000291ec      0xac3 src/ASF/sam0/utils/stdio/read.o
 .debug_info    0x00029caf      0xac0 src/ASF/sam0/utils/stdio/write.o
 .debug_info    0x0002a76f      0xd8c src/ASF/sam0/utils/syscalls/gcc/syscalls.o
 .debug_info    0x0002b4fb     0x5099 src/main.o

.debug_abbrev   0x00000000     0x4b47
 .debug_abbrev  0x00000000      0x3cc src/ASF/sam0/drivers/adc/adc_sam_l_c/adc_callback.o
 .debug_abbrev  0x000003cc      0x4cc src/ASF/sam0/drivers/rtc/rtc_sam_l_c/rtc_calendar.o
 .debug_abbrev  0x00000898      0x337 src/ASF/sam0/drivers/rtc/rtc_sam_l_c/rtc_calendar_interrupt.o
 .debug_abbrev  0x00000bcf      0x310 src/ASF/sam0/drivers/tsens/tsens_callback.o
 .debug_abbrev  0x00000edf      0x399 src/ASF/sam0/drivers/tcc/tcc_callback.o
 .debug_abbrev  0x00001278      0x33c src/ASF/sam0/drivers/events/events_hooks.o
 .debug_abbrev  0x000015b4      0x4a8 src/ASF/sam0/drivers/events/events_sam_l_c/events.o
 .debug_abbrev  0x00001a5c      0x22c src/ASF/common/utils/interrupt/interrupt_sam_nvic.o
 .debug_abbrev  0x00001c88      0x2c7 src/ASF/sam0/boards/samc21_xplained_pro/board_init.o
 .debug_abbrev  0x00001f4f      0x283 src/ASF/sam0/drivers/port/port.o
 .debug_abbrev  0x000021d2      0x3aa src/ASF/sam0/drivers/sercom/sercom.o
 .debug_abbrev  0x0000257c      0x2d8 src/ASF/sam0/drivers/sercom/sercom_interrupt.o
 .debug_abbrev  0x00002854      0x477 src/ASF/sam0/drivers/sercom/usart/usart.o
 .debug_abbrev  0x00002ccb      0x416 src/ASF/sam0/drivers/sercom/usart/usart_interrupt.o
 .debug_abbrev  0x000030e1      0x449 src/ASF/sam0/drivers/system/clock/clock_samc20_c21/clock.o
 .debug_abbrev  0x0000352a      0x405 src/ASF/sam0/drivers/system/clock/clock_samc20_c21/gclk.o
 .debug_abbrev  0x0000392f      0x366 src/ASF/sam0/drivers/system/pinmux/pinmux.o
 .debug_abbrev  0x00003c95      0x1e1 src/ASF/sam0/drivers/system/system.o
 .debug_abbrev  0x00003e76      0x14f src/ASF/sam0/utils/cmsis/samc21/source/gcc/startup_samc21.o
 .debug_abbrev  0x00003fc5      0x218 src/ASF/sam0/utils/stdio/read.o
 .debug_abbrev  0x000041dd      0x203 src/ASF/sam0/utils/stdio/write.o
 .debug_abbrev  0x000043e0      0x257 src/ASF/sam0/utils/syscalls/gcc/syscalls.o
 .debug_abbrev  0x00004637      0x510 src/main.o

.debug_loc      0x00000000     0x5f20
 .debug_loc     0x00000000      0x33e src/ASF/sam0/drivers/adc/adc_sam_l_c/adc_callback.o
 .debug_loc     0x0000033e      0xa5f src/ASF/sam0/drivers/rtc/rtc_sam_l_c/rtc_calendar.o
 .debug_loc     0x00000d9d      0x2ba src/ASF/sam0/drivers/rtc/rtc_sam_l_c/rtc_calendar_interrupt.o
 .debug_loc     0x00001057      0x1cb src/ASF/sam0/drivers/tsens/tsens_callback.o
 .debug_loc     0x00001222      0x245 src/ASF/sam0/drivers/tcc/tcc_callback.o
 .debug_loc     0x00001467      0x582 src/ASF/sam0/drivers/events/events_hooks.o
 .debug_loc     0x000019e9      0x40c src/ASF/sam0/drivers/events/events_sam_l_c/events.o
 .debug_loc     0x00001df5       0x8a src/ASF/sam0/boards/samc21_xplained_pro/board_init.o
 .debug_loc     0x00001e7f      0x13d src/ASF/sam0/drivers/port/port.o
 .debug_loc     0x00001fbc      0xabb src/ASF/sam0/drivers/sercom/sercom.o
 .debug_loc     0x00002a77      0x161 src/ASF/sam0/drivers/sercom/sercom_interrupt.o
 .debug_loc     0x00002bd8      0xe0e src/ASF/sam0/drivers/sercom/usart/usart.o
 .debug_loc     0x000039e6      0x711 src/ASF/sam0/drivers/sercom/usart/usart_interrupt.o
 .debug_loc     0x000040f7      0xe1c src/ASF/sam0/drivers/system/clock/clock_samc20_c21/clock.o
 .debug_loc     0x00004f13      0x4dd src/ASF/sam0/drivers/system/clock/clock_samc20_c21/gclk.o
 .debug_loc     0x000053f0      0x36d src/ASF/sam0/drivers/system/pinmux/pinmux.o
 .debug_loc     0x0000575d       0x20 src/ASF/sam0/drivers/system/system.o
 .debug_loc     0x0000577d       0x40 src/ASF/sam0/utils/cmsis/samc21/source/gcc/startup_samc21.o
 .debug_loc     0x000057bd       0xca src/ASF/sam0/utils/stdio/read.o
 .debug_loc     0x00005887      0x130 src/ASF/sam0/utils/stdio/write.o
 .debug_loc     0x000059b7       0xef src/ASF/sam0/utils/syscalls/gcc/syscalls.o
 .debug_loc     0x00005aa6      0x47a src/main.o

.debug_aranges  0x00000000      0x6c0
 .debug_aranges
                0x00000000       0x58 src/ASF/sam0/drivers/adc/adc_sam_l_c/adc_callback.o
 .debug_aranges
                0x00000058       0x78 src/ASF/sam0/drivers/rtc/rtc_sam_l_c/rtc_calendar.o
 .debug_aranges
                0x000000d0       0x40 src/ASF/sam0/drivers/rtc/rtc_sam_l_c/rtc_calendar_interrupt.o
 .debug_aranges
                0x00000110       0x38 src/ASF/sam0/drivers/tsens/tsens_callback.o
 .debug_aranges
                0x00000148       0x58 src/ASF/sam0/drivers/tcc/tcc_callback.o
 .debug_aranges
                0x000001a0       0x58 src/ASF/sam0/drivers/events/events_hooks.o
 .debug_aranges
                0x000001f8       0x80 src/ASF/sam0/drivers/events/events_sam_l_c/events.o
 .debug_aranges
                0x00000278       0x28 src/ASF/common/utils/interrupt/interrupt_sam_nvic.o
 .debug_aranges
                0x000002a0       0x20 src/ASF/sam0/boards/samc21_xplained_pro/board_init.o
 .debug_aranges
                0x000002c0       0x28 src/ASF/sam0/drivers/port/port.o
 .debug_aranges
                0x000002e8       0x40 src/ASF/sam0/drivers/sercom/sercom.o
 .debug_aranges
                0x00000328       0x60 src/ASF/sam0/drivers/sercom/sercom_interrupt.o
 .debug_aranges
                0x00000388       0x40 src/ASF/sam0/drivers/sercom/usart/usart.o
 .debug_aranges
                0x000003c8       0x70 src/ASF/sam0/drivers/sercom/usart/usart_interrupt.o
 .debug_aranges
                0x00000438       0x78 src/ASF/sam0/drivers/system/clock/clock_samc20_c21/clock.o
 .debug_aranges
                0x000004b0       0x80 src/ASF/sam0/drivers/system/clock/clock_samc20_c21/gclk.o
 .debug_aranges
                0x00000530       0x40 src/ASF/sam0/drivers/system/pinmux/pinmux.o
 .debug_aranges
                0x00000570       0x28 src/ASF/sam0/drivers/system/system.o
 .debug_aranges
                0x00000598       0x28 src/ASF/sam0/utils/cmsis/samc21/source/gcc/startup_samc21.o
 .debug_aranges
                0x000005c0       0x20 src/ASF/sam0/utils/stdio/read.o
 .debug_aranges
                0x000005e0       0x20 src/ASF/sam0/utils/stdio/write.o
 .debug_aranges
                0x00000600       0x60 src/ASF/sam0/utils/syscalls/gcc/syscalls.o
 .debug_aranges
                0x00000660       0x60 src/main.o

.debug_ranges   0x00000000      0x7a8
 .debug_ranges  0x00000000       0x48 src/ASF/sam0/drivers/adc/adc_sam_l_c/adc_callback.o
 .debug_ranges  0x00000048       0xb0 src/ASF/sam0/drivers/rtc/rtc_sam_l_c/rtc_calendar.o
 .debug_ranges  0x000000f8       0x68 src/ASF/sam0/drivers/rtc/rtc_sam_l_c/rtc_calendar_interrupt.o
 .debug_ranges  0x00000160       0x28 src/ASF/sam0/drivers/tsens/tsens_callback.o
 .debug_ranges  0x00000188       0x48 src/ASF/sam0/drivers/tcc/tcc_callback.o
 .debug_ranges  0x000001d0       0x48 src/ASF/sam0/drivers/events/events_hooks.o
 .debug_ranges  0x00000218       0xa0 src/ASF/sam0/drivers/events/events_sam_l_c/events.o
 .debug_ranges  0x000002b8       0x18 src/ASF/common/utils/interrupt/interrupt_sam_nvic.o
 .debug_ranges  0x000002d0       0x10 src/ASF/sam0/boards/samc21_xplained_pro/board_init.o
 .debug_ranges  0x000002e0       0x18 src/ASF/sam0/drivers/port/port.o
 .debug_ranges  0x000002f8       0x68 src/ASF/sam0/drivers/sercom/sercom.o
 .debug_ranges  0x00000360       0x50 src/ASF/sam0/drivers/sercom/sercom_interrupt.o
 .debug_ranges  0x000003b0      0x140 src/ASF/sam0/drivers/sercom/usart/usart.o
 .debug_ranges  0x000004f0       0x60 src/ASF/sam0/drivers/sercom/usart/usart_interrupt.o
 .debug_ranges  0x00000550       0x80 src/ASF/sam0/drivers/system/clock/clock_samc20_c21/clock.o
 .debug_ranges  0x000005d0       0x88 src/ASF/sam0/drivers/system/clock/clock_samc20_c21/gclk.o
 .debug_ranges  0x00000658       0x30 src/ASF/sam0/drivers/system/pinmux/pinmux.o
 .debug_ranges  0x00000688       0x18 src/ASF/sam0/drivers/system/system.o
 .debug_ranges  0x000006a0       0x18 src/ASF/sam0/utils/cmsis/samc21/source/gcc/startup_samc21.o
 .debug_ranges  0x000006b8       0x10 src/ASF/sam0/utils/stdio/read.o
 .debug_ranges  0x000006c8       0x10 src/ASF/sam0/utils/stdio/write.o
 .debug_ranges  0x000006d8       0x50 src/ASF/sam0/utils/syscalls/gcc/syscalls.o
 .debug_ranges  0x00000728       0x80 src/main.o

.debug_macro    0x00000000     0x9d43
 .debug_macro   0x00000000      0x65c src/ASF/sam0/drivers/adc/adc_sam_l_c/adc_callback.o
 .debug_macro   0x0000065c      0x629 src/ASF/sam0/drivers/rtc/rtc_sam_l_c/rtc_calendar.o
 .debug_macro   0x00000c85      0x268 src/ASF/sam0/drivers/rtc/rtc_sam_l_c/rtc_calendar.o
 .debug_macro   0x00000eed       0x20 src/ASF/sam0/drivers/rtc/rtc_sam_l_c/rtc_calendar.o
 .debug_macro   0x00000f0d       0x10 src/ASF/sam0/drivers/rtc/rtc_sam_l_c/rtc_calendar.o
 .debug_macro   0x00000f1d      0x62a src/ASF/sam0/drivers/rtc/rtc_sam_l_c/rtc_calendar_interrupt.o
 .debug_macro   0x00001547      0x64a src/ASF/sam0/drivers/tsens/tsens_callback.o
 .debug_macro   0x00001b91      0x64a src/ASF/sam0/drivers/tcc/tcc_callback.o
 .debug_macro   0x000021db      0x61c src/ASF/sam0/drivers/events/events_hooks.o
 .debug_macro   0x000027f7       0x27 src/ASF/sam0/drivers/events/events_hooks.o
 .debug_macro   0x0000281e      0x651 src/ASF/sam0/drivers/events/events_sam_l_c/events.o
 .debug_macro   0x00002e6f      0x5c7 src/ASF/common/utils/interrupt/interrupt_sam_nvic.o
 .debug_macro   0x00003436      0x608 src/ASF/sam0/boards/samc21_xplained_pro/board_init.o
 .debug_macro   0x00003a3e      0x2bf src/ASF/sam0/boards/samc21_xplained_pro/board_init.o
 .debug_macro   0x00003cfd      0x7e9 src/ASF/sam0/boards/samc21_xplained_pro/board_init.o
 .debug_macro   0x000044e6       0x19 src/ASF/sam0/boards/samc21_xplained_pro/board_init.o
 .debug_macro   0x000044ff      0x5e3 src/ASF/sam0/drivers/port/port.o
 .debug_macro   0x00004ae2      0x661 src/ASF/sam0/drivers/sercom/sercom.o
 .debug_macro   0x00005143       0xb2 src/ASF/sam0/drivers/sercom/sercom.o
 .debug_macro   0x000051f5       0x10 src/ASF/sam0/drivers/sercom/sercom.o
 .debug_macro   0x00005205      0x65f src/ASF/sam0/drivers/sercom/sercom_interrupt.o
 .debug_macro   0x00005864      0x675 src/ASF/sam0/drivers/sercom/usart/usart.o
 .debug_macro   0x00005ed9       0x5f src/ASF/sam0/drivers/sercom/usart/usart.o
 .debug_macro   0x00005f38      0x676 src/ASF/sam0/drivers/sercom/usart/usart_interrupt.o
 .debug_macro   0x000065ae      0x637 src/ASF/sam0/drivers/system/clock/clock_samc20_c21/clock.o
 .debug_macro   0x00006be5      0x603 src/ASF/sam0/drivers/system/clock/clock_samc20_c21/gclk.o
 .debug_macro   0x000071e8      0x5d8 src/ASF/sam0/drivers/system/pinmux/pinmux.o
 .debug_macro   0x000077c0       0x12 src/ASF/sam0/drivers/system/pinmux/pinmux.o
 .debug_macro   0x000077d2      0x613 src/ASF/sam0/drivers/system/system.o
 .debug_macro   0x00007de5      0x3ad src/ASF/sam0/utils/cmsis/samc21/source/gcc/startup_samc21.o
 .debug_macro   0x00008192       0x3a src/ASF/sam0/utils/cmsis/samc21/source/gcc/startup_samc21.o
 .debug_macro   0x000081cc      0x5c7 src/ASF/sam0/utils/stdio/read.o
 .debug_macro   0x00008793      0x5c7 src/ASF/sam0/utils/stdio/write.o
 .debug_macro   0x00008d5a      0x1d6 src/ASF/sam0/utils/syscalls/gcc/syscalls.o
 .debug_macro   0x00008f30       0x4c src/ASF/sam0/utils/syscalls/gcc/syscalls.o
 .debug_macro   0x00008f7c       0x8d src/ASF/sam0/utils/syscalls/gcc/syscalls.o
 .debug_macro   0x00009009       0x57 src/ASF/sam0/utils/syscalls/gcc/syscalls.o
 .debug_macro   0x00009060       0x97 src/ASF/sam0/utils/syscalls/gcc/syscalls.o
 .debug_macro   0x000090f7       0xf6 src/ASF/sam0/utils/syscalls/gcc/syscalls.o
 .debug_macro   0x000091ed       0x4c src/ASF/sam0/utils/syscalls/gcc/syscalls.o
 .debug_macro   0x00009239       0x16 src/ASF/sam0/utils/syscalls/gcc/syscalls.o
 .debug_macro   0x0000924f       0x10 src/ASF/sam0/utils/syscalls/gcc/syscalls.o
 .debug_macro   0x0000925f       0x10 src/ASF/sam0/utils/syscalls/gcc/syscalls.o
 .debug_macro   0x0000926f       0x35 src/ASF/sam0/utils/syscalls/gcc/syscalls.o
 .debug_macro   0x000092a4      0x122 src/ASF/sam0/utils/syscalls/gcc/syscalls.o
 .debug_macro   0x000093c6      0x7ff src/main.o
 .debug_macro   0x00009bc5       0x10 src/main.o
 .debug_macro   0x00009bd5       0x18 src/main.o
 .debug_macro   0x00009bed       0x1f src/main.o
 .debug_macro   0x00009c0c       0x65 src/main.o
 .debug_macro   0x00009c71       0x8f src/main.o
 .debug_macro   0x00009d00       0x2d src/main.o
 .debug_macro   0x00009d2d       0x16 src/main.o

.debug_line     0x00000000    0x106d3
 .debug_line    0x00000000      0xce7 src/ASF/sam0/drivers/adc/adc_sam_l_c/adc_callback.o
 .debug_line    0x00000ce7      0xd7e src/ASF/sam0/drivers/rtc/rtc_sam_l_c/rtc_calendar.o
 .debug_line    0x00001a65      0xba6 src/ASF/sam0/drivers/rtc/rtc_sam_l_c/rtc_calendar_interrupt.o
 .debug_line    0x0000260b      0xbe5 src/ASF/sam0/drivers/tsens/tsens_callback.o
 .debug_line    0x000031f0      0xb86 src/ASF/sam0/drivers/tcc/tcc_callback.o
 .debug_line    0x00003d76      0xb2e src/ASF/sam0/drivers/events/events_hooks.o
 .debug_line    0x000048a4      0xd44 src/ASF/sam0/drivers/events/events_sam_l_c/events.o
 .debug_line    0x000055e8      0x9a0 src/ASF/common/utils/interrupt/interrupt_sam_nvic.o
 .debug_line    0x00005f88      0xa45 src/ASF/sam0/boards/samc21_xplained_pro/board_init.o
 .debug_line    0x000069cd      0x9cc src/ASF/sam0/drivers/port/port.o
 .debug_line    0x00007399      0xcb6 src/ASF/sam0/drivers/sercom/sercom.o
 .debug_line    0x0000804f      0xc3e src/ASF/sam0/drivers/sercom/sercom_interrupt.o
 .debug_line    0x00008c8d      0xe10 src/ASF/sam0/drivers/sercom/usart/usart.o
 .debug_line    0x00009a9d      0xd95 src/ASF/sam0/drivers/sercom/usart/usart_interrupt.o
 .debug_line    0x0000a832      0xd46 src/ASF/sam0/drivers/system/clock/clock_samc20_c21/clock.o
 .debug_line    0x0000b578      0xcdb src/ASF/sam0/drivers/system/clock/clock_samc20_c21/gclk.o
 .debug_line    0x0000c253      0xa19 src/ASF/sam0/drivers/system/pinmux/pinmux.o
 .debug_line    0x0000cc6c      0xab4 src/ASF/sam0/drivers/system/system.o
 .debug_line    0x0000d720      0x717 src/ASF/sam0/utils/cmsis/samc21/source/gcc/startup_samc21.o
 .debug_line    0x0000de37      0x97d src/ASF/sam0/utils/stdio/read.o
 .debug_line    0x0000e7b4      0x971 src/ASF/sam0/utils/stdio/write.o
 .debug_line    0x0000f125      0x40b src/ASF/sam0/utils/syscalls/gcc/syscalls.o
 .debug_line    0x0000f530     0x11a3 src/main.o

.debug_str      0x00000000    0xa382f
 .debug_str     0x00000000    0x94f5b src/ASF/sam0/drivers/adc/adc_sam_l_c/adc_callback.o
                              0x95b90 (size before relaxing)
 .debug_str     0x00094f5b     0x2485 src/ASF/sam0/drivers/rtc/rtc_sam_l_c/rtc_calendar.o
                              0x97896 (size before relaxing)
 .debug_str     0x000973e0      0x116 src/ASF/sam0/drivers/rtc/rtc_sam_l_c/rtc_calendar_interrupt.o
                              0x96919 (size before relaxing)
 .debug_str     0x000974f6      0x35f src/ASF/sam0/drivers/tsens/tsens_callback.o
                              0x95790 (size before relaxing)
 .debug_str     0x00097855      0xdfd src/ASF/sam0/drivers/tcc/tcc_callback.o
                              0x966e2 (size before relaxing)
 .debug_str     0x00098652      0x624 src/ASF/sam0/drivers/events/events_hooks.o
                              0x95ba9 (size before relaxing)
 .debug_str     0x00098c76      0x437 src/ASF/sam0/drivers/events/events_sam_l_c/events.o
                              0x95ed1 (size before relaxing)
 .debug_str     0x000990ad       0x66 src/ASF/common/utils/interrupt/interrupt_sam_nvic.o
                              0x94cf0 (size before relaxing)
 .debug_str     0x00099113     0x32ba src/ASF/sam0/boards/samc21_xplained_pro/board_init.o
                              0x97fd2 (size before relaxing)
 .debug_str     0x0009c3cd      0x18d src/ASF/sam0/drivers/port/port.o
                              0x95194 (size before relaxing)
 .debug_str     0x0009c55a      0xebf src/ASF/sam0/drivers/sercom/sercom.o
                              0x96445 (size before relaxing)
 .debug_str     0x0009d419      0x1b8 src/ASF/sam0/drivers/sercom/sercom_interrupt.o
                              0x96338 (size before relaxing)
 .debug_str     0x0009d5d1      0xf85 src/ASF/sam0/drivers/sercom/usart/usart.o
                              0x97479 (size before relaxing)
 .debug_str     0x0009e556      0x16b src/ASF/sam0/drivers/sercom/usart/usart_interrupt.o
                              0x963fd (size before relaxing)
 .debug_str     0x0009e6c1     0x187f src/ASF/sam0/drivers/system/clock/clock_samc20_c21/clock.o
                              0x97fcc (size before relaxing)
 .debug_str     0x0009ff40      0x1ab src/ASF/sam0/drivers/system/clock/clock_samc20_c21/gclk.o
                              0x958a9 (size before relaxing)
 .debug_str     0x000a00eb      0x179 src/ASF/sam0/drivers/system/pinmux/pinmux.o
                              0x951f0 (size before relaxing)
 .debug_str     0x000a0264       0x47 src/ASF/sam0/drivers/system/system.o
                              0x94d80 (size before relaxing)
 .debug_str     0x000a02ab      0x3f9 src/ASF/sam0/utils/cmsis/samc21/source/gcc/startup_samc21.o
                              0x7ffc3 (size before relaxing)
 .debug_str     0x000a06a4       0x3d src/ASF/sam0/utils/stdio/read.o
                              0x94c97 (size before relaxing)
 .debug_str     0x000a06e1       0x2c src/ASF/sam0/utils/stdio/write.o
                              0x94c98 (size before relaxing)
 .debug_str     0x000a070d      0x76b src/ASF/sam0/utils/syscalls/gcc/syscalls.o
                               0x726b (size before relaxing)
 .debug_str     0x000a0e78     0x29b7 src/main.o
                              0x9ee33 (size before relaxing)

.debug_frame    0x00000000     0x1744
 .debug_frame   0x00000000       0xb4 src/ASF/sam0/drivers/adc/adc_sam_l_c/adc_callback.o
 .debug_frame   0x000000b4      0x140 src/ASF/sam0/drivers/rtc/rtc_sam_l_c/rtc_calendar.o
 .debug_frame   0x000001f4       0x8c src/ASF/sam0/drivers/rtc/rtc_sam_l_c/rtc_calendar_interrupt.o
 .debug_frame   0x00000280       0x64 src/ASF/sam0/drivers/tsens/tsens_callback.o
 .debug_frame   0x000002e4       0xd4 src/ASF/sam0/drivers/tcc/tcc_callback.o
 .debug_frame   0x000003b8       0xb8 src/ASF/sam0/drivers/events/events_hooks.o
 .debug_frame   0x00000470      0x100 src/ASF/sam0/drivers/events/events_sam_l_c/events.o
 .debug_frame   0x00000570       0x30 src/ASF/common/utils/interrupt/interrupt_sam_nvic.o
 .debug_frame   0x000005a0       0x30 src/ASF/sam0/boards/samc21_xplained_pro/board_init.o
 .debug_frame   0x000005d0       0x44 src/ASF/sam0/drivers/port/port.o
 .debug_frame   0x00000614       0x9c src/ASF/sam0/drivers/sercom/sercom.o
 .debug_frame   0x000006b0       0xe8 src/ASF/sam0/drivers/sercom/sercom_interrupt.o
 .debug_frame   0x00000798       0xac src/ASF/sam0/drivers/sercom/usart/usart.o
 .debug_frame   0x00000844      0x110 src/ASF/sam0/drivers/sercom/usart/usart_interrupt.o
 .debug_frame   0x00000954      0x14c src/ASF/sam0/drivers/system/clock/clock_samc20_c21/clock.o
 .debug_frame   0x00000aa0      0x150 src/ASF/sam0/drivers/system/clock/clock_samc20_c21/gclk.o
 .debug_frame   0x00000bf0       0x98 src/ASF/sam0/drivers/system/pinmux/pinmux.o
 .debug_frame   0x00000c88       0x38 src/ASF/sam0/drivers/system/system.o
 .debug_frame   0x00000cc0       0x38 src/ASF/sam0/utils/cmsis/samc21/source/gcc/startup_samc21.o
 .debug_frame   0x00000cf8       0x34 src/ASF/sam0/utils/stdio/read.o
 .debug_frame   0x00000d2c       0x34 src/ASF/sam0/utils/stdio/write.o
 .debug_frame   0x00000d60       0xa0 src/ASF/sam0/utils/syscalls/gcc/syscalls.o
 .debug_frame   0x00000e00      0x10c src/main.o
 .debug_frame   0x00000f0c       0x20 c:/program files (x86)/atmel/studio/7.0/toolchain/arm/arm-gnu-toolchain/bin/../lib/gcc/arm-none-eabi/6.2.1/thumb/v6-m\libgcc.a(_udivsi3.o)
 .debug_frame   0x00000f2c       0x34 c:/program files (x86)/atmel/studio/7.0/toolchain/arm/arm-gnu-toolchain/bin/../lib/gcc/arm-none-eabi/6.2.1/thumb/v6-m\libgcc.a(_muldi3.o)
 .debug_frame   0x00000f60       0x2c c:/program files (x86)/atmel/studio/7.0/toolchain/arm/arm-gnu-toolchain/bin/../lib/gcc/arm-none-eabi/6.2.1/../../../../arm-none-eabi/lib/thumb/v6-m\libc_nano.a(lib_a-init.o)
 .debug_frame   0x00000f8c       0x20 c:/program files (x86)/atmel/studio/7.0/toolchain/arm/arm-gnu-toolchain/bin/../lib/gcc/arm-none-eabi/6.2.1/../../../../arm-none-eabi/lib/thumb/v6-m\libc_nano.a(lib_a-memset.o)
 .debug_frame   0x00000fac       0x50 c:/program files (x86)/atmel/studio/7.0/toolchain/arm/arm-gnu-toolchain/bin/../lib/gcc/arm-none-eabi/6.2.1/../../../../arm-none-eabi/lib/thumb/v6-m\libc_nano.a(lib_a-printf.o)
 .debug_frame   0x00000ffc       0x44 c:/program files (x86)/atmel/studio/7.0/toolchain/arm/arm-gnu-toolchain/bin/../lib/gcc/arm-none-eabi/6.2.1/../../../../arm-none-eabi/lib/thumb/v6-m\libc_nano.a(lib_a-puts.o)
 .debug_frame   0x00001040       0x28 c:/program files (x86)/atmel/studio/7.0/toolchain/arm/arm-gnu-toolchain/bin/../lib/gcc/arm-none-eabi/6.2.1/../../../../arm-none-eabi/lib/thumb/v6-m\libc_nano.a(lib_a-setbuf.o)
 .debug_frame   0x00001068       0x30 c:/program files (x86)/atmel/studio/7.0/toolchain/arm/arm-gnu-toolchain/bin/../lib/gcc/arm-none-eabi/6.2.1/../../../../arm-none-eabi/lib/thumb/v6-m\libc_nano.a(lib_a-setvbuf.o)
 .debug_frame   0x00001098       0x48 c:/program files (x86)/atmel/studio/7.0/toolchain/arm/arm-gnu-toolchain/bin/../lib/gcc/arm-none-eabi/6.2.1/../../../../arm-none-eabi/lib/thumb/v6-m\libc_nano.a(lib_a-wbuf.o)
 .debug_frame   0x000010e0       0x2c c:/program files (x86)/atmel/studio/7.0/toolchain/arm/arm-gnu-toolchain/bin/../lib/gcc/arm-none-eabi/6.2.1/../../../../arm-none-eabi/lib/thumb/v6-m\libc_nano.a(lib_a-wsetup.o)
 .debug_frame   0x0000110c       0x68 c:/program files (x86)/atmel/studio/7.0/toolchain/arm/arm-gnu-toolchain/bin/../lib/gcc/arm-none-eabi/6.2.1/../../../../arm-none-eabi/lib/thumb/v6-m\libc_nano.a(lib_a-fflush.o)
 .debug_frame   0x00001174      0x140 c:/program files (x86)/atmel/studio/7.0/toolchain/arm/arm-gnu-toolchain/bin/../lib/gcc/arm-none-eabi/6.2.1/../../../../arm-none-eabi/lib/thumb/v6-m\libc_nano.a(lib_a-findfp.o)
 .debug_frame   0x000012b4       0x58 c:/program files (x86)/atmel/studio/7.0/toolchain/arm/arm-gnu-toolchain/bin/../lib/gcc/arm-none-eabi/6.2.1/../../../../arm-none-eabi/lib/thumb/v6-m\libc_nano.a(lib_a-fwalk.o)
 .debug_frame   0x0000130c       0x54 c:/program files (x86)/atmel/studio/7.0/toolchain/arm/arm-gnu-toolchain/bin/../lib/gcc/arm-none-eabi/6.2.1/../../../../arm-none-eabi/lib/thumb/v6-m\libc_nano.a(lib_a-makebuf.o)
 .debug_frame   0x00001360       0x40 c:/program files (x86)/atmel/studio/7.0/toolchain/arm/arm-gnu-toolchain/bin/../lib/gcc/arm-none-eabi/6.2.1/../../../../arm-none-eabi/lib/thumb/v6-m\libc_nano.a(lib_a-malloc.o)
 .debug_frame   0x000013a0       0x2c c:/program files (x86)/atmel/studio/7.0/toolchain/arm/arm-gnu-toolchain/bin/../lib/gcc/arm-none-eabi/6.2.1/../../../../arm-none-eabi/lib/thumb/v6-m\libc_nano.a(lib_a-nano-freer.o)
 .debug_frame   0x000013cc       0x2c c:/program files (x86)/atmel/studio/7.0/toolchain/arm/arm-gnu-toolchain/bin/../lib/gcc/arm-none-eabi/6.2.1/../../../../arm-none-eabi/lib/thumb/v6-m\libc_nano.a(lib_a-nano-mallocr.o)
 .debug_frame   0x000013f8       0x9c c:/program files (x86)/atmel/studio/7.0/toolchain/arm/arm-gnu-toolchain/bin/../lib/gcc/arm-none-eabi/6.2.1/../../../../arm-none-eabi/lib/thumb/v6-m\libc_nano.a(lib_a-nano-vfprintf.o)
 .debug_frame   0x00001494       0x54 c:/program files (x86)/atmel/studio/7.0/toolchain/arm/arm-gnu-toolchain/bin/../lib/gcc/arm-none-eabi/6.2.1/../../../../arm-none-eabi/lib/thumb/v6-m\libc_nano.a(lib_a-nano-vfprintf_i.o)
 .debug_frame   0x000014e8       0x2c c:/program files (x86)/atmel/studio/7.0/toolchain/arm/arm-gnu-toolchain/bin/../lib/gcc/arm-none-eabi/6.2.1/../../../../arm-none-eabi/lib/thumb/v6-m\libc_nano.a(lib_a-sbrkr.o)
 .debug_frame   0x00001514       0x90 c:/program files (x86)/atmel/studio/7.0/toolchain/arm/arm-gnu-toolchain/bin/../lib/gcc/arm-none-eabi/6.2.1/../../../../arm-none-eabi/lib/thumb/v6-m\libc_nano.a(lib_a-stdio.o)
 .debug_frame   0x000015a4       0x2c c:/program files (x86)/atmel/studio/7.0/toolchain/arm/arm-gnu-toolchain/bin/../lib/gcc/arm-none-eabi/6.2.1/../../../../arm-none-eabi/lib/thumb/v6-m\libc_nano.a(lib_a-writer.o)
 .debug_frame   0x000015d0       0x2c c:/program files (x86)/atmel/studio/7.0/toolchain/arm/arm-gnu-toolchain/bin/../lib/gcc/arm-none-eabi/6.2.1/../../../../arm-none-eabi/lib/thumb/v6-m\libc_nano.a(lib_a-closer.o)
 .debug_frame   0x000015fc       0x2c c:/program files (x86)/atmel/studio/7.0/toolchain/arm/arm-gnu-toolchain/bin/../lib/gcc/arm-none-eabi/6.2.1/../../../../arm-none-eabi/lib/thumb/v6-m\libc_nano.a(lib_a-fstatr.o)
 .debug_frame   0x00001628       0x2c c:/program files (x86)/atmel/studio/7.0/toolchain/arm/arm-gnu-toolchain/bin/../lib/gcc/arm-none-eabi/6.2.1/../../../../arm-none-eabi/lib/thumb/v6-m\libc_nano.a(lib_a-isattyr.o)
 .debug_frame   0x00001654       0x2c c:/program files (x86)/atmel/studio/7.0/toolchain/arm/arm-gnu-toolchain/bin/../lib/gcc/arm-none-eabi/6.2.1/../../../../arm-none-eabi/lib/thumb/v6-m\libc_nano.a(lib_a-lseekr.o)
 .debug_frame   0x00001680       0x20 c:/program files (x86)/atmel/studio/7.0/toolchain/arm/arm-gnu-toolchain/bin/../lib/gcc/arm-none-eabi/6.2.1/../../../../arm-none-eabi/lib/thumb/v6-m\libc_nano.a(lib_a-memchr-stub.o)
 .debug_frame   0x000016a0       0x30 c:/program files (x86)/atmel/studio/7.0/toolchain/arm/arm-gnu-toolchain/bin/../lib/gcc/arm-none-eabi/6.2.1/../../../../arm-none-eabi/lib/thumb/v6-m\libc_nano.a(lib_a-mlock.o)
 .debug_frame   0x000016d0       0x2c c:/program files (x86)/atmel/studio/7.0/toolchain/arm/arm-gnu-toolchain/bin/../lib/gcc/arm-none-eabi/6.2.1/../../../../arm-none-eabi/lib/thumb/v6-m\libc_nano.a(lib_a-readr.o)
 .debug_frame   0x000016fc       0x48 c:/program files (x86)/atmel/studio/7.0/toolchain/arm/arm-gnu-toolchain/bin/../lib/gcc/arm-none-eabi/6.2.1/../../../../arm-none-eabi/lib/thumb/v6-m\libc_nano.a(lib_a-reent.o)

Cross Reference Table

Symbol                                            File
AC_Handler                                        src/ASF/sam0/utils/cmsis/samc21/source/gcc/startup_samc21.o
ADC0_Handler                                      src/ASF/sam0/drivers/adc/adc_sam_l_c/adc_callback.o
ADC1_Handler                                      src/ASF/sam0/drivers/adc/adc_sam_l_c/adc_callback.o
CAN0_Handler                                      src/ASF/sam0/utils/cmsis/samc21/source/gcc/startup_samc21.o
CAN1_Handler                                      src/ASF/sam0/utils/cmsis/samc21/source/gcc/startup_samc21.o
DAC_Handler                                       src/ASF/sam0/utils/cmsis/samc21/source/gcc/startup_samc21.o
DMAC_Handler                                      src/ASF/sam0/utils/cmsis/samc21/source/gcc/startup_samc21.o
Dummy_Handler                                     src/ASF/sam0/utils/cmsis/samc21/source/gcc/startup_samc21.o
EIC_Handler                                       src/ASF/sam0/utils/cmsis/samc21/source/gcc/startup_samc21.o
EVSYS_Handler                                     src/ASF/sam0/drivers/events/events_hooks.o
FREQM_Handler                                     src/ASF/sam0/utils/cmsis/samc21/source/gcc/startup_samc21.o
HardFault_Handler                                 src/ASF/sam0/utils/cmsis/samc21/source/gcc/startup_samc21.o
NMI_Handler                                       src/ASF/sam0/utils/cmsis/samc21/source/gcc/startup_samc21.o
NVMCTRL_Handler                                   src/ASF/sam0/utils/cmsis/samc21/source/gcc/startup_samc21.o
PTC_Handler                                       src/ASF/sam0/utils/cmsis/samc21/source/gcc/startup_samc21.o
PendSV_Handler                                    src/ASF/sam0/utils/cmsis/samc21/source/gcc/startup_samc21.o
RTC_Handler                                       src/ASF/sam0/drivers/rtc/rtc_sam_l_c/rtc_calendar_interrupt.o
Reset_Handler                                     src/ASF/sam0/utils/cmsis/samc21/source/gcc/startup_samc21.o
SDADC_Handler                                     src/ASF/sam0/utils/cmsis/samc21/source/gcc/startup_samc21.o
SERCOM0_Handler                                   src/ASF/sam0/drivers/sercom/sercom_interrupt.o
SERCOM1_Handler                                   src/ASF/sam0/drivers/sercom/sercom_interrupt.o
SERCOM2_Handler                                   src/ASF/sam0/drivers/sercom/sercom_interrupt.o
SERCOM3_Handler                                   src/ASF/sam0/drivers/sercom/sercom_interrupt.o
SERCOM4_Handler                                   src/ASF/sam0/drivers/sercom/sercom_interrupt.o
SERCOM5_Handler                                   src/ASF/sam0/drivers/sercom/sercom_interrupt.o
SVC_Handler                                       src/ASF/sam0/utils/cmsis/samc21/source/gcc/startup_samc21.o
SYSTEM_Handler                                    src/ASF/sam0/utils/cmsis/samc21/source/gcc/startup_samc21.o
SysTick_Handler                                   src/ASF/sam0/utils/cmsis/samc21/source/gcc/startup_samc21.o
SystemCoreClock                                   src/ASF/sam0/utils/cmsis/samc21/source/system_samc21.o
SystemCoreClockUpdate                             src/ASF/sam0/utils/cmsis/samc21/source/system_samc21.o
SystemInit                                        src/ASF/sam0/utils/cmsis/samc21/source/system_samc21.o
TC0_Handler                                       src/ASF/sam0/utils/cmsis/samc21/source/gcc/startup_samc21.o
TC1_Handler                                       src/ASF/sam0/utils/cmsis/samc21/source/gcc/startup_samc21.o
TC2_Handler                                       src/ASF/sam0/utils/cmsis/samc21/source/gcc/startup_samc21.o
TC3_Handler                                       src/ASF/sam0/utils/cmsis/samc21/source/gcc/startup_samc21.o
TC4_Handler                                       src/ASF/sam0/utils/cmsis/samc21/source/gcc/startup_samc21.o
TCC0_Handler                                      src/ASF/sam0/drivers/tcc/tcc_callback.o
TCC1_Handler                                      src/ASF/sam0/drivers/tcc/tcc_callback.o
TCC2_Handler                                      src/ASF/sam0/drivers/tcc/tcc_callback.o
TSENS_Handler                                     src/ASF/sam0/drivers/tsens/tsens_callback.o
WDT_Handler                                       src/ASF/sam0/utils/cmsis/samc21/source/gcc/startup_samc21.o
_Jv_RegisterClasses                               c:/program files (x86)/atmel/studio/7.0/toolchain/arm/arm-gnu-toolchain/bin/../lib/gcc/arm-none-eabi/6.2.1/thumb/v6-m/crtbegin.o
__aeabi_idiv                                      c:/program files (x86)/atmel/studio/7.0/toolchain/arm/arm-gnu-toolchain/bin/../lib/gcc/arm-none-eabi/6.2.1/thumb/v6-m\libgcc.a(_divsi3.o)
                                                  c:/program files (x86)/atmel/studio/7.0/toolchain/arm/arm-gnu-toolchain/bin/../lib/gcc/arm-none-eabi/6.2.1/../../../../arm-none-eabi/lib/thumb/v6-m\libc_nano.a(lib_a-fvwrite.o)
__aeabi_idiv0                                     c:/program files (x86)/atmel/studio/7.0/toolchain/arm/arm-gnu-toolchain/bin/../lib/gcc/arm-none-eabi/6.2.1/thumb/v6-m\libgcc.a(_dvmd_tls.o)
                                                  c:/program files (x86)/atmel/studio/7.0/toolchain/arm/arm-gnu-toolchain/bin/../lib/gcc/arm-none-eabi/6.2.1/thumb/v6-m\libgcc.a(_divsi3.o)
                                                  c:/program files (x86)/atmel/studio/7.0/toolchain/arm/arm-gnu-toolchain/bin/../lib/gcc/arm-none-eabi/6.2.1/thumb/v6-m\libgcc.a(_udivsi3.o)
__aeabi_idivmod                                   c:/program files (x86)/atmel/studio/7.0/toolchain/arm/arm-gnu-toolchain/bin/../lib/gcc/arm-none-eabi/6.2.1/thumb/v6-m\libgcc.a(_divsi3.o)
__aeabi_ldiv0                                     c:/program files (x86)/atmel/studio/7.0/toolchain/arm/arm-gnu-toolchain/bin/../lib/gcc/arm-none-eabi/6.2.1/thumb/v6-m\libgcc.a(_dvmd_tls.o)
__aeabi_lmul                                      c:/program files (x86)/atmel/studio/7.0/toolchain/arm/arm-gnu-toolchain/bin/../lib/gcc/arm-none-eabi/6.2.1/thumb/v6-m\libgcc.a(_muldi3.o)
                                                  src/ASF/sam0/drivers/sercom/sercom.o
__aeabi_uidiv                                     c:/program files (x86)/atmel/studio/7.0/toolchain/arm/arm-gnu-toolchain/bin/../lib/gcc/arm-none-eabi/6.2.1/thumb/v6-m\libgcc.a(_udivsi3.o)
                                                  c:/program files (x86)/atmel/studio/7.0/toolchain/arm/arm-gnu-toolchain/bin/../lib/gcc/arm-none-eabi/6.2.1/../../../../arm-none-eabi/lib/thumb/v6-m\libc_nano.a(lib_a-nano-vfprintf_i.o)
                                                  src/ASF/sam0/drivers/system/clock/clock_samc20_c21/gclk.o
                                                  src/ASF/sam0/drivers/system/clock/clock_samc20_c21/clock.o
                                                  src/ASF/sam0/drivers/can/can.o
                                                  src/ASF/sam0/drivers/nvm/nvm.o
__aeabi_uidivmod                                  c:/program files (x86)/atmel/studio/7.0/toolchain/arm/arm-gnu-toolchain/bin/../lib/gcc/arm-none-eabi/6.2.1/thumb/v6-m\libgcc.a(_udivsi3.o)
                                                  c:/program files (x86)/atmel/studio/7.0/toolchain/arm/arm-gnu-toolchain/bin/../lib/gcc/arm-none-eabi/6.2.1/../../../../arm-none-eabi/lib/thumb/v6-m\libc_nano.a(lib_a-nano-vfprintf_i.o)
                                                  src/ASF/sam0/drivers/nvm/nvm.o
                                                  src/ASF/sam0/drivers/rtc/rtc_sam_l_c/rtc_calendar.o
__bss_end__                                       c:/program files (x86)/atmel/studio/7.0/toolchain/arm/arm-gnu-toolchain/bin/../lib/gcc/arm-none-eabi/6.2.1/../../../../arm-none-eabi/lib/thumb/v6-m/crt0.o
__bss_start__                                     c:/program files (x86)/atmel/studio/7.0/toolchain/arm/arm-gnu-toolchain/bin/../lib/gcc/arm-none-eabi/6.2.1/../../../../arm-none-eabi/lib/thumb/v6-m/crt0.o
__call_exitprocs                                  c:/program files (x86)/atmel/studio/7.0/toolchain/arm/arm-gnu-toolchain/bin/../lib/gcc/arm-none-eabi/6.2.1/../../../../arm-none-eabi/lib/thumb/v6-m\libc_nano.a(lib_a-exit.o)
__deregister_frame_info                           c:/program files (x86)/atmel/studio/7.0/toolchain/arm/arm-gnu-toolchain/bin/../lib/gcc/arm-none-eabi/6.2.1/thumb/v6-m/crtbegin.o
__divsi3                                          c:/program files (x86)/atmel/studio/7.0/toolchain/arm/arm-gnu-toolchain/bin/../lib/gcc/arm-none-eabi/6.2.1/thumb/v6-m\libgcc.a(_divsi3.o)
__dso_handle                                      c:/program files (x86)/atmel/studio/7.0/toolchain/arm/arm-gnu-toolchain/bin/../lib/gcc/arm-none-eabi/6.2.1/thumb/v6-m/crtbegin.o
__fp_lock_all                                     c:/program files (x86)/atmel/studio/7.0/toolchain/arm/arm-gnu-toolchain/bin/../lib/gcc/arm-none-eabi/6.2.1/../../../../arm-none-eabi/lib/thumb/v6-m\libc_nano.a(lib_a-findfp.o)
__fp_unlock_all                                   c:/program files (x86)/atmel/studio/7.0/toolchain/arm/arm-gnu-toolchain/bin/../lib/gcc/arm-none-eabi/6.2.1/../../../../arm-none-eabi/lib/thumb/v6-m\libc_nano.a(lib_a-findfp.o)
__init_array_end                                  c:/program files (x86)/atmel/studio/7.0/toolchain/arm/arm-gnu-toolchain/bin/../lib/gcc/arm-none-eabi/6.2.1/../../../../arm-none-eabi/lib/thumb/v6-m\libc_nano.a(lib_a-init.o)
__init_array_start                                c:/program files (x86)/atmel/studio/7.0/toolchain/arm/arm-gnu-toolchain/bin/../lib/gcc/arm-none-eabi/6.2.1/../../../../arm-none-eabi/lib/thumb/v6-m\libc_nano.a(lib_a-init.o)
__libc_fini_array                                 c:/program files (x86)/atmel/studio/7.0/toolchain/arm/arm-gnu-toolchain/bin/../lib/gcc/arm-none-eabi/6.2.1/../../../../arm-none-eabi/lib/thumb/v6-m/crt0.o
__libc_init_array                                 c:/program files (x86)/atmel/studio/7.0/toolchain/arm/arm-gnu-toolchain/bin/../lib/gcc/arm-none-eabi/6.2.1/../../../../arm-none-eabi/lib/thumb/v6-m\libc_nano.a(lib_a-init.o)
                                                  src/ASF/sam0/utils/cmsis/samc21/source/gcc/startup_samc21.o
                                                  c:/program files (x86)/atmel/studio/7.0/toolchain/arm/arm-gnu-toolchain/bin/../lib/gcc/arm-none-eabi/6.2.1/../../../../arm-none-eabi/lib/thumb/v6-m/crt0.o
__malloc_free_list                                c:/program files (x86)/atmel/studio/7.0/toolchain/arm/arm-gnu-toolchain/bin/../lib/gcc/arm-none-eabi/6.2.1/../../../../arm-none-eabi/lib/thumb/v6-m\libc_nano.a(lib_a-nano-mallocr.o)
                                                  c:/program files (x86)/atmel/studio/7.0/toolchain/arm/arm-gnu-toolchain/bin/../lib/gcc/arm-none-eabi/6.2.1/../../../../arm-none-eabi/lib/thumb/v6-m\libc_nano.a(lib_a-nano-freer.o)
__malloc_lock                                     c:/program files (x86)/atmel/studio/7.0/toolchain/arm/arm-gnu-toolchain/bin/../lib/gcc/arm-none-eabi/6.2.1/../../../../arm-none-eabi/lib/thumb/v6-m\libc_nano.a(lib_a-mlock.o)
                                                  c:/program files (x86)/atmel/studio/7.0/toolchain/arm/arm-gnu-toolchain/bin/../lib/gcc/arm-none-eabi/6.2.1/../../../../arm-none-eabi/lib/thumb/v6-m\libc_nano.a(lib_a-nano-mallocr.o)
                                                  c:/program files (x86)/atmel/studio/7.0/toolchain/arm/arm-gnu-toolchain/bin/../lib/gcc/arm-none-eabi/6.2.1/../../../../arm-none-eabi/lib/thumb/v6-m\libc_nano.a(lib_a-nano-freer.o)
__malloc_sbrk_start                               c:/program files (x86)/atmel/studio/7.0/toolchain/arm/arm-gnu-toolchain/bin/../lib/gcc/arm-none-eabi/6.2.1/../../../../arm-none-eabi/lib/thumb/v6-m\libc_nano.a(lib_a-nano-mallocr.o)
__malloc_unlock                                   c:/program files (x86)/atmel/studio/7.0/toolchain/arm/arm-gnu-toolchain/bin/../lib/gcc/arm-none-eabi/6.2.1/../../../../arm-none-eabi/lib/thumb/v6-m\libc_nano.a(lib_a-mlock.o)
                                                  c:/program files (x86)/atmel/studio/7.0/toolchain/arm/arm-gnu-toolchain/bin/../lib/gcc/arm-none-eabi/6.2.1/../../../../arm-none-eabi/lib/thumb/v6-m\libc_nano.a(lib_a-nano-mallocr.o)
                                                  c:/program files (x86)/atmel/studio/7.0/toolchain/arm/arm-gnu-toolchain/bin/../lib/gcc/arm-none-eabi/6.2.1/../../../../arm-none-eabi/lib/thumb/v6-m\libc_nano.a(lib_a-nano-freer.o)
__muldi3                                          c:/program files (x86)/atmel/studio/7.0/toolchain/arm/arm-gnu-toolchain/bin/../lib/gcc/arm-none-eabi/6.2.1/thumb/v6-m\libgcc.a(_muldi3.o)
__preinit_array_end                               c:/program files (x86)/atmel/studio/7.0/toolchain/arm/arm-gnu-toolchain/bin/../lib/gcc/arm-none-eabi/6.2.1/../../../../arm-none-eabi/lib/thumb/v6-m\libc_nano.a(lib_a-init.o)